[2026-01-31T05:27:11.863Z] Server started/restarted
[2026-01-31T05:27:17.354Z] Server started/restarted
[2026-01-31T05:29:05.151Z] POST /listings - Body: undefined
[2026-01-31T05:29:10.364Z] POST /listings - Body: undefined
[2026-01-31T05:29:19.750Z] POST /listings - Body: undefined
[2026-01-31T05:29:36.967Z] Server started/restarted
[2026-01-31T05:29:41.921Z] Server started/restarted
[2026-01-31T05:30:34.564Z] Server started/restarted
[2026-01-31T05:30:40.715Z] Server started/restarted
[2026-01-31T05:35:22.308Z] Server started/restarted
[2026-01-31T05:35:28.710Z] Server started/restarted
[2026-01-31T05:36:56.588Z] POST /listings - Body: undefined
[2026-01-31T05:37:03.790Z] Raw Body: {"listing":{"title":"ITC Grand Chola, Chennai","description":"A majestic luxury hotel inspired by Chola architecture, offering premium rooms, fine dining, and world-class hospitality. Ideal for business travelers and families.","price":"15000","category":"urban","country":"India","location":"Guindy, Chennai","maxGuests":"5","maxAdults":"3","maxChildren":"2","freeGuests":"3","petsAllowed":"false","petChargePerNight":"300","extraGuestChargePerNight":"2500","acceptHostTerms":"true","amenities":["Lake access","City skyline view","Wifi","Pool","Garden view","Dedicated workspace","TV"]}}
[2026-01-31T05:37:03.795Z] Unflattened Body: {"listing":{"title":"ITC Grand Chola, Chennai","description":"A majestic luxury hotel inspired by Chola architecture, offering premium rooms, fine dining, and world-class hospitality. Ideal for business travelers and families.","price":"15000","category":"urban","country":"India","location":"Guindy, Chennai","maxGuests":"5","maxAdults":"3","maxChildren":"2","freeGuests":"3","petsAllowed":"false","petChargePerNight":"300","extraGuestChargePerNight":"2500","acceptHostTerms":"true","amenities":["Lake access","City skyline view","Wifi","Pool","Garden view","Dedicated workspace","TV"]}}
[2026-01-31T05:37:13.053Z] POST /listings - Body: undefined
[2026-01-31T05:37:20.133Z] Raw Body: {"listing":{"title":"ITC Grand Chola, Chennai","description":"A majestic luxury hotel inspired by Chola architecture, offering premium rooms, fine dining, and world-class hospitality. Ideal for business travelers and families.","price":"15000","category":"urban","country":"India","location":"Guindy, Chennai","maxGuests":"5","maxAdults":"3","maxChildren":"2","freeGuests":"3","petsAllowed":"false","petChargePerNight":"300","extraGuestChargePerNight":"2500","acceptHostTerms":"true","amenities":["Lake access","City skyline view","Wifi","Pool","Garden view","Dedicated workspace","TV"]}}
[2026-01-31T05:37:20.134Z] Unflattened Body: {"listing":{"title":"ITC Grand Chola, Chennai","description":"A majestic luxury hotel inspired by Chola architecture, offering premium rooms, fine dining, and world-class hospitality. Ideal for business travelers and families.","price":"15000","category":"urban","country":"India","location":"Guindy, Chennai","maxGuests":"5","maxAdults":"3","maxChildren":"2","freeGuests":"3","petsAllowed":"false","petChargePerNight":"300","extraGuestChargePerNight":"2500","acceptHostTerms":"true","amenities":["Lake access","City skyline view","Wifi","Pool","Garden view","Dedicated workspace","TV"]}}
[2026-01-31T05:37:21.536Z] POST /listings - Body: undefined
[2026-01-31T05:37:24.690Z] Raw Body: {"listing":{"title":"ITC Grand Chola, Chennai","description":"A majestic luxury hotel inspired by Chola architecture, offering premium rooms, fine dining, and world-class hospitality. Ideal for business travelers and families.","price":"15000","category":"urban","country":"India","location":"Guindy, Chennai","maxGuests":"5","maxAdults":"3","maxChildren":"2","freeGuests":"3","petsAllowed":"false","petChargePerNight":"300","extraGuestChargePerNight":"2500","acceptHostTerms":"true","amenities":["Lake access","City skyline view","Wifi","Pool","Garden view","Dedicated workspace","TV"]}}
[2026-01-31T05:37:24.692Z] Unflattened Body: {"listing":{"title":"ITC Grand Chola, Chennai","description":"A majestic luxury hotel inspired by Chola architecture, offering premium rooms, fine dining, and world-class hospitality. Ideal for business travelers and families.","price":"15000","category":"urban","country":"India","location":"Guindy, Chennai","maxGuests":"5","maxAdults":"3","maxChildren":"2","freeGuests":"3","petsAllowed":"false","petChargePerNight":"300","extraGuestChargePerNight":"2500","acceptHostTerms":"true","amenities":["Lake access","City skyline view","Wifi","Pool","Garden view","Dedicated workspace","TV"]}}
[2026-01-31T05:38:35.777Z] Server started/restarted
[2026-01-31T05:39:06.841Z] Server started/restarted
[2026-01-31T05:39:31.570Z] Server started/restarted
[2026-01-31T05:43:41.798Z] POST /listings - Body: undefined
[2026-01-31T05:43:42.557Z] POST /listings - Body: undefined
[2026-01-31T05:43:48.691Z] Raw Body: {"listing":{"title":"ITC Grand Chola, Chennai","description":"A majestic luxury hotel inspired by Chola architecture, offering premium rooms, fine dining, and world-class hospitality. Ideal for business travelers and families.","price":"15000","category":"urban","country":"India","location":"Guindy, Chennai","maxGuests":"5","maxAdults":"3","maxChildren":"2","freeGuests":"3","petsAllowed":"false","petChargePerNight":"300","extraGuestChargePerNight":"2500","acceptHostTerms":"true","amenities":["Lake access","City skyline view","Wifi","Pool","Garden view","Dedicated workspace","TV"]}}
[2026-01-31T05:43:48.692Z] Unflattened Body: {"listing":{"title":"ITC Grand Chola, Chennai","description":"A majestic luxury hotel inspired by Chola architecture, offering premium rooms, fine dining, and world-class hospitality. Ideal for business travelers and families.","price":"15000","category":"urban","country":"India","location":"Guindy, Chennai","maxGuests":"5","maxAdults":"3","maxChildren":"2","freeGuests":"3","petsAllowed":"false","petChargePerNight":"300","extraGuestChargePerNight":"2500","acceptHostTerms":"true","amenities":["Lake access","City skyline view","Wifi","Pool","Garden view","Dedicated workspace","TV"]}}
[2026-01-31T05:43:49.488Z] Raw Body: {"listing":{"title":"ITC Grand Chola, Chennai","description":"A majestic luxury hotel inspired by Chola architecture, offering premium rooms, fine dining, and world-class hospitality. Ideal for business travelers and families.","price":"15000","category":"urban","country":"India","location":"Guindy, Chennai","maxGuests":"5","maxAdults":"3","maxChildren":"2","freeGuests":"3","petsAllowed":"false","petChargePerNight":"300","extraGuestChargePerNight":"2500","acceptHostTerms":"true","amenities":["Lake access","City skyline view","Wifi","Pool","Garden view","Dedicated workspace","TV"]}}
[2026-01-31T05:43:49.490Z] Unflattened Body: {"listing":{"title":"ITC Grand Chola, Chennai","description":"A majestic luxury hotel inspired by Chola architecture, offering premium rooms, fine dining, and world-class hospitality. Ideal for business travelers and families.","price":"15000","category":"urban","country":"India","location":"Guindy, Chennai","maxGuests":"5","maxAdults":"3","maxChildren":"2","freeGuests":"3","petsAllowed":"false","petChargePerNight":"300","extraGuestChargePerNight":"2500","acceptHostTerms":"true","amenities":["Lake access","City skyline view","Wifi","Pool","Garden view","Dedicated workspace","TV"]}}
[2026-01-31T05:43:49.566Z] POST /listings - Body: undefined
[2026-01-31T05:43:51.618Z] Raw Body: {"listing":{"title":"ITC Grand Chola, Chennai","description":"A majestic luxury hotel inspired by Chola architecture, offering premium rooms, fine dining, and world-class hospitality. Ideal for business travelers and families.","price":"15000","category":"urban","country":"India","location":"Guindy, Chennai","maxGuests":"5","maxAdults":"3","maxChildren":"2","freeGuests":"3","petsAllowed":"false","petChargePerNight":"300","extraGuestChargePerNight":"2500","acceptHostTerms":"true","amenities":["Lake access","City skyline view","Wifi","Pool","Garden view","Dedicated workspace","TV"]}}
[2026-01-31T05:43:51.619Z] Unflattened Body: {"listing":{"title":"ITC Grand Chola, Chennai","description":"A majestic luxury hotel inspired by Chola architecture, offering premium rooms, fine dining, and world-class hospitality. Ideal for business travelers and families.","price":"15000","category":"urban","country":"India","location":"Guindy, Chennai","maxGuests":"5","maxAdults":"3","maxChildren":"2","freeGuests":"3","petsAllowed":"false","petChargePerNight":"300","extraGuestChargePerNight":"2500","acceptHostTerms":"true","amenities":["Lake access","City skyline view","Wifi","Pool","Garden view","Dedicated workspace","TV"]}}
[2026-01-31T05:49:31.077Z] Server started/restarted
[2026-01-31T05:49:40.259Z] Server started/restarted
[2026-01-31T05:50:59.658Z] Server started/restarted
[2026-01-31T05:51:20.089Z] Server started/restarted
[2026-01-31T05:52:00.303Z] Server started/restarted
[2026-01-31T05:52:11.897Z] Server started/restarted
[2026-01-31T05:56:29.257Z] [2026-01-31T05:56:29.255Z] POST /listings
Headers: {
  "host": "localhost:8080",
  "connection": "keep-alive",
  "content-length": "657513",
  "sec-ch-ua-platform": "\"Windows\"",
  "user-agent": "Mozilla/5.0 (Windows NT 10.0; Win64; x64) AppleWebKit/537.36 (KHTML, like Gecko) Chrome/144.0.0.0 Safari/537.36",
  "accept": "application/json, text/plain, */*",
  "sec-ch-ua": "\"Not(A:Brand\";v=\"8\", \"Chromium\";v=\"144\", \"Google Chrome\";v=\"144\"",
  "content-type": "multipart/form-data; boundary=----WebKitFormBoundarywjk1CfeIMBzns0cn",
  "sec-ch-ua-mobile": "?0",
  "origin": "http://localhost:5173",
  "sec-fetch-site": "same-site",
  "sec-fetch-mode": "cors",
  "sec-fetch-dest": "empty",
  "referer": "http://localhost:5173/",
  "accept-encoding": "gzip, deflate, br, zstd",
  "accept-language": "en-US,en;q=0.9",
  "cookie": "connect.sid=s%3AmRmXZsJkfFAqZSyEMxAIPvml5bCkEMzL.1zh4K60EGTssN%2F08CaqiO17fEVvjWeBhrMyWrFMB2kY"
}
Body: undefined

[2026-01-31T05:56:36.960Z] --- [validateListing Middleware] ---
[2026-01-31T05:56:36.961Z] User State: Logged in as Prajwal Hage (6951024e01be4a4d6e22d95d)
[2026-01-31T05:56:36.962Z] Session ID: mRmXZsJkfFAqZSyEMxAIPvml5bCkEMzL
[2026-01-31T05:56:36.963Z] Files Received: listing[image], listing[images]
[2026-01-31T05:56:36.964Z] Field [listing[image]]: 1 files
[2026-01-31T05:56:36.964Z] Field [listing[images]]: 2 files
[2026-01-31T05:56:36.965Z] Processed Body: {"listing":{"title":"ITC Grand Chola, Chennai","description":"A majestic luxury hotel inspired by Chola architecture, offering premium rooms, fine dining, and world-class hospitality. Ideal for business travelers and families.","price":"15000","category":"urban","country":"India","location":"Guindy, Chennai","maxGuests":"5","maxAdults":"3","maxChildren":"2","freeGuests":"3","petsAllowed":"false","petChargePerNight":"300","extraGuestChargePerNight":"2500","acceptHostTerms":"true","amenities":["City skyline view","Lake access","Wifi","Dedicated workspace","Kitchen","Garden view","Pool"]}}
[2026-01-31T05:56:36.966Z] --- [validateListing Middleware END - Bypassed Joi] ---
[2026-01-31T05:57:11.493Z] [2026-01-31T05:57:11.492Z] POST /listings
Headers: {
  "host": "localhost:8080",
  "connection": "keep-alive",
  "content-length": "657513",
  "sec-ch-ua-platform": "\"Windows\"",
  "user-agent": "Mozilla/5.0 (Windows NT 10.0; Win64; x64) AppleWebKit/537.36 (KHTML, like Gecko) Chrome/144.0.0.0 Safari/537.36",
  "accept": "application/json, text/plain, */*",
  "sec-ch-ua": "\"Not(A:Brand\";v=\"8\", \"Chromium\";v=\"144\", \"Google Chrome\";v=\"144\"",
  "content-type": "multipart/form-data; boundary=----WebKitFormBoundaryZoL7EIyxZyqRKlkD",
  "sec-ch-ua-mobile": "?0",
  "origin": "http://localhost:5173",
  "sec-fetch-site": "same-site",
  "sec-fetch-mode": "cors",
  "sec-fetch-dest": "empty",
  "referer": "http://localhost:5173/",
  "accept-encoding": "gzip, deflate, br, zstd",
  "accept-language": "en-US,en;q=0.9",
  "cookie": "connect.sid=s%3AmRmXZsJkfFAqZSyEMxAIPvml5bCkEMzL.1zh4K60EGTssN%2F08CaqiO17fEVvjWeBhrMyWrFMB2kY"
}
Body: undefined

[2026-01-31T05:57:18.346Z] --- [validateListing Middleware] ---
[2026-01-31T05:57:18.346Z] User State: Logged in as Prajwal Hage (6951024e01be4a4d6e22d95d)
[2026-01-31T05:57:18.348Z] Session ID: mRmXZsJkfFAqZSyEMxAIPvml5bCkEMzL
[2026-01-31T05:57:18.349Z] Files Received: listing[image], listing[images]
[2026-01-31T05:57:18.351Z] Field [listing[image]]: 1 files
[2026-01-31T05:57:18.352Z] Field [listing[images]]: 2 files
[2026-01-31T05:57:18.352Z] Processed Body: {"listing":{"title":"ITC Grand Chola, Chennai","description":"A majestic luxury hotel inspired by Chola architecture, offering premium rooms, fine dining, and world-class hospitality. Ideal for business travelers and families.","price":"15000","category":"urban","country":"India","location":"Guindy, Chennai","maxGuests":"5","maxAdults":"3","maxChildren":"2","freeGuests":"3","petsAllowed":"false","petChargePerNight":"300","extraGuestChargePerNight":"2500","acceptHostTerms":"true","amenities":["City skyline view","Lake access","Wifi","Dedicated workspace","Kitchen","Garden view","Pool"]}}
[2026-01-31T05:57:18.353Z] --- [validateListing Middleware END - Bypassed Joi] ---
[2026-01-31T05:57:42.283Z] Server started/restarted
[2026-01-31T05:58:16.365Z] [2026-01-31T05:58:16.364Z] POST /listings
Headers: {
  "host": "localhost:8080",
  "connection": "keep-alive",
  "content-length": "657513",
  "sec-ch-ua-platform": "\"Windows\"",
  "user-agent": "Mozilla/5.0 (Windows NT 10.0; Win64; x64) AppleWebKit/537.36 (KHTML, like Gecko) Chrome/144.0.0.0 Safari/537.36",
  "accept": "application/json, text/plain, */*",
  "sec-ch-ua": "\"Not(A:Brand\";v=\"8\", \"Chromium\";v=\"144\", \"Google Chrome\";v=\"144\"",
  "content-type": "multipart/form-data; boundary=----WebKitFormBoundaryHJoEeBUyBB7jVuxY",
  "sec-ch-ua-mobile": "?0",
  "origin": "http://localhost:5173",
  "sec-fetch-site": "same-site",
  "sec-fetch-mode": "cors",
  "sec-fetch-dest": "empty",
  "referer": "http://localhost:5173/",
  "accept-encoding": "gzip, deflate, br, zstd",
  "accept-language": "en-US,en;q=0.9",
  "cookie": "connect.sid=s%3AmRmXZsJkfFAqZSyEMxAIPvml5bCkEMzL.1zh4K60EGTssN%2F08CaqiO17fEVvjWeBhrMyWrFMB2kY"
}
Body: undefined

[2026-01-31T05:58:25.169Z] --- [validateListing Middleware] ---
[2026-01-31T05:58:25.170Z] User State: Logged in as Prajwal Hage (6951024e01be4a4d6e22d95d)
[2026-01-31T05:58:25.171Z] Session ID: mRmXZsJkfFAqZSyEMxAIPvml5bCkEMzL
[2026-01-31T05:58:25.171Z] Files Received: listing[image], listing[images]
[2026-01-31T05:58:25.172Z] Field [listing[image]]: 1 files
[2026-01-31T05:58:25.173Z] Field [listing[images]]: 2 files
[2026-01-31T05:58:25.174Z] Processed Body: {"listing":{"title":"ITC Grand Chola, Chennai","description":"A majestic luxury hotel inspired by Chola architecture, offering premium rooms, fine dining, and world-class hospitality. Ideal for business travelers and families.","price":"15000","category":"urban","country":"India","location":"Guindy, Chennai","maxGuests":"5","maxAdults":"3","maxChildren":"2","freeGuests":"3","petsAllowed":"false","petChargePerNight":"300","extraGuestChargePerNight":"2500","acceptHostTerms":"true","amenities":["City skyline view","Lake access","Wifi","Dedicated workspace","Kitchen","Garden view","Pool"]}}
[2026-01-31T05:58:25.175Z] --- [validateListing Middleware END - Bypassed Joi] ---
[2026-01-31T05:58:25.176Z] --- [createListings Controller START] ---
[2026-01-31T05:58:25.177Z] Controller req.body: {"listing":{"title":"ITC Grand Chola, Chennai","description":"A majestic luxury hotel inspired by Chola architecture, offering premium rooms, fine dining, and world-class hospitality. Ideal for business travelers and families.","price":"15000","category":"urban","country":"India","location":"Guindy, Chennai","maxGuests":"5","maxAdults":"3","maxChildren":"2","freeGuests":"3","petsAllowed":"false","petChargePerNight":"300","extraGuestChargePerNight":"2500","acceptHostTerms":"true","amenities":["City skyline view","Lake access","Wifi","Dedicated workspace","Kitchen","Garden view","Pool"]}}
[2026-01-31T05:58:25.177Z] Controller req.files fields: listing[image], listing[images]
[2026-01-31T05:58:25.178Z] Main Image found: wanderlust_DEV/hjvbdt4li3midrsi8ybr
[2026-01-31T05:58:25.178Z] Gallery Images count: 2
[2026-01-31T05:58:25.196Z] Initialized newListing with body data
[2026-01-31T05:58:25.205Z] Starting geocoding for: Guindy, Chennai
[2026-01-31T05:58:25.876Z] Geocoding success: {"type":"Point","coordinates":[80.22036451846361,13.008709775526253]}
[2026-01-31T05:58:25.878Z] Final Amenities: ["City skyline view","Lake access","Wifi","Dedicated workspace","Kitchen","Garden view","Pool"]
[2026-01-31T05:58:25.879Z] Attempting AI generation...
[2026-01-31T05:58:26.628Z] AI Suggestions: {"places":[],"food":[],"plan":[]}
[2026-01-31T05:58:26.633Z] Attempting to save listing...
[2026-01-31T05:58:26.702Z] SUCCESS: Listing saved with id 697d9a01ad2992fd41fa09b6
[2026-01-31T06:02:32.930Z] Server started/restarted
[2026-01-31T06:02:58.832Z] Server started/restarted
[2026-01-31T06:08:08.182Z] [2026-01-31T06:08:08.179Z] POST /listings
Headers: {
  "host": "localhost:8080",
  "connection": "keep-alive",
  "content-length": "453013",
  "sec-ch-ua-platform": "\"Windows\"",
  "user-agent": "Mozilla/5.0 (Windows NT 10.0; Win64; x64) AppleWebKit/537.36 (KHTML, like Gecko) Chrome/144.0.0.0 Safari/537.36",
  "accept": "application/json, text/plain, */*",
  "sec-ch-ua": "\"Not(A:Brand\";v=\"8\", \"Chromium\";v=\"144\", \"Google Chrome\";v=\"144\"",
  "content-type": "multipart/form-data; boundary=----WebKitFormBoundary5fG0ph7gG1JmfPTU",
  "sec-ch-ua-mobile": "?0",
  "origin": "http://localhost:5173",
  "sec-fetch-site": "same-site",
  "sec-fetch-mode": "cors",
  "sec-fetch-dest": "empty",
  "referer": "http://localhost:5173/",
  "accept-encoding": "gzip, deflate, br, zstd",
  "accept-language": "en-US,en;q=0.9",
  "cookie": "connect.sid=s%3AmRmXZsJkfFAqZSyEMxAIPvml5bCkEMzL.1zh4K60EGTssN%2F08CaqiO17fEVvjWeBhrMyWrFMB2kY"
}
Body: undefined

[2026-01-31T06:08:21.732Z] --- [validateListing Middleware] ---
[2026-01-31T06:08:21.735Z] --- [validateListing Middleware SUCCESS] ---
[2026-01-31T06:08:21.736Z] --- [createListings Controller START] ---
[2026-01-31T06:08:21.737Z] Controller req.body: {"listing":{"title":"The Leela Palace, Udaipur","description":"A palace-style luxury hotel overlooking Lake Pichola, offering regal interiors, serene views, and unforgettable hospitality.","price":"15000","category":"iconic","country":"India","location":"Lake Pichola, Udaipur","maxGuests":"4","maxAdults":"3","maxChildren":"2","freeGuests":"2","petsAllowed":"false","petChargePerNight":"300","extraGuestChargePerNight":"1000","acceptHostTerms":"true","amenities":["City skyline view","Lake access","Garden view","Dedicated workspace","TV","Pool","Wifi"]}}
[2026-01-31T06:08:21.738Z] Controller req.files fields: listing[image], listing[images]
[2026-01-31T06:08:21.738Z] Main Image found: wanderlust_DEV/yz7zrhcjvc1ccgcfyrw4
[2026-01-31T06:08:21.739Z] Gallery Images count: 2
[2026-01-31T06:08:21.748Z] Initialized newListing with body data
[2026-01-31T06:08:21.753Z] Starting geocoding for: Lake Pichola, Udaipur
[2026-01-31T06:08:24.065Z] Geocoding success: {"type":"Point","coordinates":[73.69026254600385,24.57467643117921]}
[2026-01-31T06:08:24.068Z] Final Amenities: ["City skyline view","Lake access","Garden view","Dedicated workspace","TV","Pool","Wifi"]
[2026-01-31T06:08:24.070Z] Attempting AI generation...
[2026-01-31T06:08:24.769Z] AI Suggestions: {"places":[],"food":[],"plan":[]}
[2026-01-31T06:08:24.773Z] Attempting to save listing...
[2026-01-31T06:08:24.883Z] SUCCESS: Listing saved with id 697d9c551aca92fe515a9678
[2026-01-31T06:38:04.425Z] [2026-01-31T06:38:04.412Z] POST /listings
Headers: {
  "host": "localhost:8080",
  "connection": "keep-alive",
  "content-length": "452906",
  "sec-ch-ua-platform": "\"Windows\"",
  "user-agent": "Mozilla/5.0 (Windows NT 10.0; Win64; x64) AppleWebKit/537.36 (KHTML, like Gecko) Chrome/144.0.0.0 Safari/537.36",
  "accept": "application/json, text/plain, */*",
  "sec-ch-ua": "\"Not(A:Brand\";v=\"8\", \"Chromium\";v=\"144\", \"Google Chrome\";v=\"144\"",
  "content-type": "multipart/form-data; boundary=----WebKitFormBoundaryHjZBlAm2bRwqEIM7",
  "sec-ch-ua-mobile": "?0",
  "origin": "http://localhost:5173",
  "sec-fetch-site": "same-site",
  "sec-fetch-mode": "cors",
  "sec-fetch-dest": "empty",
  "referer": "http://localhost:5173/",
  "accept-encoding": "gzip, deflate, br, zstd",
  "accept-language": "en-US,en;q=0.9",
  "cookie": "connect.sid=s%3AmRmXZsJkfFAqZSyEMxAIPvml5bCkEMzL.1zh4K60EGTssN%2F08CaqiO17fEVvjWeBhrMyWrFMB2kY"
}
Body: undefined

[2026-01-31T06:38:12.725Z] --- [validateListing Middleware] ---
[2026-01-31T06:38:12.726Z] --- [validateListing Middleware SUCCESS] ---
[2026-01-31T06:38:12.727Z] --- [createListings Controller START] ---
[2026-01-31T06:38:12.738Z] Controller req.body: {"listing":{"title":"The Leela Palace, Udaipur","description":"A palace-style luxury hotel overlooking Lake Pichola, offering regal interiors, serene views, and unforgettable hospitality.","price":"10000","category":"iconic","country":"India","location":"Lake Pichola, Udaipur","maxGuests":"4","maxAdults":"3","maxChildren":"2","freeGuests":"2","petsAllowed":"false","petChargePerNight":"300","extraGuestChargePerNight":"2500","acceptHostTerms":"true","amenities":["City skyline view","Lake access","Wifi","Dedicated workspace","Garden view","Pool"]}}
[2026-01-31T06:38:12.739Z] Controller req.files fields: listing[image], listing[images]
[2026-01-31T06:38:12.740Z] Main Image found: wanderlust_DEV/i6gwvdyby0zlxepmf52l
[2026-01-31T06:38:12.741Z] Gallery Images count: 2
[2026-01-31T06:38:12.743Z] Initialized newListing with body data
[2026-01-31T06:38:12.764Z] Starting geocoding for: Lake Pichola, Udaipur
[2026-01-31T06:38:13.497Z] Geocoding success: {"type":"Point","coordinates":[73.69026254600385,24.57467643117921]}
[2026-01-31T06:38:13.511Z] Final Amenities: ["City skyline view","Lake access","Wifi","Dedicated workspace","Garden view","Pool"]
[2026-01-31T06:38:13.514Z] Attempting AI generation...
[2026-01-31T06:38:23.955Z] AI Suggestions: {"places":["Lake Pichola","City Palace","Jag Mandir","Jagdish Temple","Gangaur Ghat"],"food":["Dal Bati Churma","Ghewar","Mirchi Bada","Pyaaz Kachori"],"plan":["Day 1: Explore City Palace and Jagdish Temple. Enjoy a sunset boat ride on Lake Pichola, visiting Jag Mandir.","Day 2: Visit Bagore Ki Haveli and stroll through local markets near Gangaur Ghat. Experience lakeside dining with panoramic views."]}
[2026-01-31T06:38:29.357Z] Attempting to save listing...
[2026-01-31T06:38:29.420Z] SUCCESS: Listing saved with id 697da3541aca92fe515a9c64
[2026-01-31T06:43:08.130Z] [2026-01-31T06:43:08.129Z] POST /listings
Headers: {
  "host": "localhost:8080",
  "connection": "keep-alive",
  "content-length": "218987",
  "sec-ch-ua-platform": "\"Windows\"",
  "user-agent": "Mozilla/5.0 (Windows NT 10.0; Win64; x64) AppleWebKit/537.36 (KHTML, like Gecko) Chrome/144.0.0.0 Safari/537.36",
  "accept": "application/json, text/plain, */*",
  "sec-ch-ua": "\"Not(A:Brand\";v=\"8\", \"Chromium\";v=\"144\", \"Google Chrome\";v=\"144\"",
  "content-type": "multipart/form-data; boundary=----WebKitFormBoundaryGhiBzB9bPauTKqIs",
  "sec-ch-ua-mobile": "?0",
  "origin": "http://localhost:5173",
  "sec-fetch-site": "same-site",
  "sec-fetch-mode": "cors",
  "sec-fetch-dest": "empty",
  "referer": "http://localhost:5173/",
  "accept-encoding": "gzip, deflate, br, zstd",
  "accept-language": "en-US,en;q=0.9",
  "cookie": "connect.sid=s%3AmRmXZsJkfFAqZSyEMxAIPvml5bCkEMzL.1zh4K60EGTssN%2F08CaqiO17fEVvjWeBhrMyWrFMB2kY"
}
Body: undefined

[2026-01-31T06:43:11.985Z] --- [validateListing Middleware] ---
[2026-01-31T06:43:11.987Z] --- [validateListing Middleware SUCCESS] ---
[2026-01-31T06:43:11.989Z] --- [createListings Controller START] ---
[2026-01-31T06:43:11.990Z] Controller req.body: {"listing":{"title":"The Leela Palace, Udaipur","description":"A palace-style luxury hotel overlooking Lake Pichola, offering regal interiors, serene views, and unforgettable hospitality.","price":"10000","category":"iconic","country":"India","location":"Lake Pichola, Udaipur","maxGuests":"5","maxAdults":"3","maxChildren":"2","freeGuests":"3","petsAllowed":"false","petChargePerNight":"300","extraGuestChargePerNight":"2500","acceptHostTerms":"true","amenities":["City skyline view","Lake access","Free parking","Pool","Garden view","Dedicated workspace","Lift"]}}
[2026-01-31T06:43:11.991Z] Controller req.files fields: listing[image], listing[images]
[2026-01-31T06:43:11.992Z] Main Image found: wanderlust_DEV/kvgfsji2dr0i11cru9av
[2026-01-31T06:43:11.993Z] Gallery Images count: 2
[2026-01-31T06:43:11.995Z] Initialized newListing with body data
[2026-01-31T06:43:11.999Z] Starting geocoding for: Lake Pichola, Udaipur
[2026-01-31T06:43:12.661Z] Geocoding success: {"type":"Point","coordinates":[73.69026254600385,24.57467643117921]}
[2026-01-31T06:43:12.664Z] Final Amenities: ["City skyline view","Lake access","Free parking","Pool","Garden view","Dedicated workspace","Lift"]
[2026-01-31T06:43:12.665Z] Attempting AI generation...
[2026-01-31T06:43:13.497Z] AI Suggestions: {"places":[],"food":[],"plan":[]}
[2026-01-31T06:43:13.502Z] Attempting to save listing...
[2026-01-31T06:43:13.568Z] SUCCESS: Listing saved with id 697da47f1aca92fe515a9d2d
[2026-01-31T06:47:43.054Z] [2026-01-31T06:47:43.039Z] POST /listings
Headers: {
  "host": "localhost:8080",
  "connection": "keep-alive",
  "content-length": "188787",
  "sec-ch-ua-platform": "\"Windows\"",
  "user-agent": "Mozilla/5.0 (Windows NT 10.0; Win64; x64) AppleWebKit/537.36 (KHTML, like Gecko) Chrome/144.0.0.0 Safari/537.36",
  "accept": "application/json, text/plain, */*",
  "sec-ch-ua": "\"Not(A:Brand\";v=\"8\", \"Chromium\";v=\"144\", \"Google Chrome\";v=\"144\"",
  "content-type": "multipart/form-data; boundary=----WebKitFormBoundaryEaPtlcRlLPH9XMP6",
  "sec-ch-ua-mobile": "?0",
  "origin": "http://localhost:5173",
  "sec-fetch-site": "same-site",
  "sec-fetch-mode": "cors",
  "sec-fetch-dest": "empty",
  "referer": "http://localhost:5173/",
  "accept-encoding": "gzip, deflate, br, zstd",
  "accept-language": "en-US,en;q=0.9",
  "cookie": "connect.sid=s%3AmRmXZsJkfFAqZSyEMxAIPvml5bCkEMzL.1zh4K60EGTssN%2F08CaqiO17fEVvjWeBhrMyWrFMB2kY"
}
Body: undefined

[2026-01-31T06:47:46.621Z] --- [validateListing Middleware] ---
[2026-01-31T06:47:46.623Z] --- [validateListing Middleware SUCCESS] ---
[2026-01-31T06:47:46.624Z] --- [createListings Controller START] ---
[2026-01-31T06:47:46.624Z] Controller req.body: {"listing":{"title":"The Oberoi, New Delhi","description":"A modern luxury hotel offering elegant rooms, fine dining, and exceptional service in the heart of New Delhi.","price":"5000","category":"rooms","country":"India","location":"Dr. Zakir Hussain Marg, New Delhi","maxGuests":"4","maxAdults":"3","maxChildren":"2","freeGuests":"2","petsAllowed":"false","petChargePerNight":"300","extraGuestChargePerNight":"500","acceptHostTerms":"true","amenities":["Lake access","Wifi","Free parking","Kitchen","City skyline view","Pool"]}}
[2026-01-31T06:47:46.626Z] Controller req.files fields: listing[image], listing[images]
[2026-01-31T06:47:46.626Z] Main Image found: wanderlust_DEV/llylpjlxodbhymwqa7vr
[2026-01-31T06:47:46.627Z] Gallery Images count: 2
[2026-01-31T06:47:46.628Z] Initialized newListing with body data
[2026-01-31T06:47:46.634Z] Starting geocoding for: Dr. Zakir Hussain Marg, New Delhi
[2026-01-31T06:47:48.603Z] Geocoding success: {"type":"Point","coordinates":[77.23203817382455,28.611235296998544]}
[2026-01-31T06:47:48.604Z] Final Amenities: ["Lake access","Wifi","Free parking","Kitchen","City skyline view","Pool"]
[2026-01-31T06:47:48.605Z] Attempting AI generation...
[2026-01-31T06:47:49.357Z] AI Suggestions: {"places":[],"food":[],"plan":[]}
[2026-01-31T06:47:49.359Z] Attempting to save listing...
[2026-01-31T06:47:49.421Z] SUCCESS: Listing saved with id 697da5921aca92fe515a9d48
[2026-01-31T07:08:34.986Z] Server started/restarted
[2026-01-31T07:13:58.378Z] [2026-01-31T07:13:58.370Z] POST /signup
Headers: {
  "host": "localhost:8080",
  "connection": "keep-alive",
  "content-length": "82",
  "sec-ch-ua-platform": "\"Windows\"",
  "user-agent": "Mozilla/5.0 (Windows NT 10.0; Win64; x64) AppleWebKit/537.36 (KHTML, like Gecko) Chrome/144.0.0.0 Safari/537.36",
  "accept": "application/json, text/plain, */*",
  "sec-ch-ua": "\"Not(A:Brand\";v=\"8\", \"Chromium\";v=\"144\", \"Google Chrome\";v=\"144\"",
  "content-type": "application/json",
  "sec-ch-ua-mobile": "?0",
  "origin": "http://localhost:5173",
  "sec-fetch-site": "same-site",
  "sec-fetch-mode": "cors",
  "sec-fetch-dest": "empty",
  "referer": "http://localhost:5173/",
  "accept-encoding": "gzip, deflate, br, zstd",
  "accept-language": "en-US,en;q=0.9",
  "cookie": "connect.sid=s%3AyiuQ_UGlbmr5PluLKbdWxauUA1kRgBHc.5zgxppv4YDvgELe8RgKPBbeinYMv5r8yBs6jL9XIMw8"
}
Body: {"username":"Jay","email":"Jay@gmail.com","password":"jay03","phone":"9130193126"}

[2026-01-31T07:17:07.269Z] [2026-01-31T07:17:07.268Z] POST /login
Headers: {
  "host": "localhost:8080",
  "connection": "keep-alive",
  "content-length": "36",
  "sec-ch-ua-platform": "\"Windows\"",
  "user-agent": "Mozilla/5.0 (Windows NT 10.0; Win64; x64) AppleWebKit/537.36 (KHTML, like Gecko) Chrome/144.0.0.0 Safari/537.36",
  "accept": "application/json, text/plain, */*",
  "sec-ch-ua": "\"Not(A:Brand\";v=\"8\", \"Chromium\";v=\"144\", \"Google Chrome\";v=\"144\"",
  "content-type": "application/json",
  "sec-ch-ua-mobile": "?0",
  "origin": "http://localhost:5173",
  "sec-fetch-site": "same-site",
  "sec-fetch-mode": "cors",
  "sec-fetch-dest": "empty",
  "referer": "http://localhost:5173/",
  "accept-encoding": "gzip, deflate, br, zstd",
  "accept-language": "en-US,en;q=0.9",
  "cookie": "connect.sid=s%3AyiuQ_UGlbmr5PluLKbdWxauUA1kRgBHc.5zgxppv4YDvgELe8RgKPBbeinYMv5r8yBs6jL9XIMw8"
}
Body: {"email":"Jay","password":"jay0309"}

[2026-01-31T07:19:50.746Z] Server started/restarted
[2026-01-31T07:22:50.199Z] Server started/restarted
[2026-01-31T07:23:05.146Z] [2026-01-31T07:23:05.134Z] POST /login
Headers: {
  "host": "localhost:8080",
  "connection": "keep-alive",
  "content-length": "45",
  "sec-ch-ua-platform": "\"Windows\"",
  "user-agent": "Mozilla/5.0 (Windows NT 10.0; Win64; x64) AppleWebKit/537.36 (KHTML, like Gecko) Chrome/144.0.0.0 Safari/537.36",
  "accept": "application/json, text/plain, */*",
  "sec-ch-ua": "\"Not(A:Brand\";v=\"8\", \"Chromium\";v=\"144\", \"Google Chrome\";v=\"144\"",
  "content-type": "application/json",
  "sec-ch-ua-mobile": "?0",
  "origin": "http://localhost:5173",
  "sec-fetch-site": "same-site",
  "sec-fetch-mode": "cors",
  "sec-fetch-dest": "empty",
  "referer": "http://localhost:5173/",
  "accept-encoding": "gzip, deflate, br, zstd",
  "accept-language": "en-US,en;q=0.9",
  "cookie": "connect.sid=s%3AyiuQ_UGlbmr5PluLKbdWxauUA1kRgBHc.5zgxppv4YDvgELe8RgKPBbeinYMv5r8yBs6jL9XIMw8"
}
Body: {"email":"Prajwal Hage","password":"prajwal"}

[2026-01-31T07:23:16.667Z] [2026-01-31T07:23:16.665Z] POST /login
Headers: {
  "host": "localhost:8080",
  "connection": "keep-alive",
  "content-length": "45",
  "sec-ch-ua-platform": "\"Windows\"",
  "user-agent": "Mozilla/5.0 (Windows NT 10.0; Win64; x64) AppleWebKit/537.36 (KHTML, like Gecko) Chrome/144.0.0.0 Safari/537.36",
  "accept": "application/json, text/plain, */*",
  "sec-ch-ua": "\"Not(A:Brand\";v=\"8\", \"Chromium\";v=\"144\", \"Google Chrome\";v=\"144\"",
  "content-type": "application/json",
  "sec-ch-ua-mobile": "?0",
  "origin": "http://localhost:5173",
  "sec-fetch-site": "same-site",
  "sec-fetch-mode": "cors",
  "sec-fetch-dest": "empty",
  "referer": "http://localhost:5173/",
  "accept-encoding": "gzip, deflate, br, zstd",
  "accept-language": "en-US,en;q=0.9",
  "cookie": "connect.sid=s%3AyiuQ_UGlbmr5PluLKbdWxauUA1kRgBHc.5zgxppv4YDvgELe8RgKPBbeinYMv5r8yBs6jL9XIMw8"
}
Body: {"email":"Prajwal Hage","password":"prajwal"}

[2026-01-31T07:29:21.974Z] Server started/restarted
[2026-01-31T07:30:44.424Z] [2026-01-31T07:30:44.423Z] POST /login
Headers: {
  "host": "localhost:8080",
  "connection": "keep-alive",
  "content-length": "45",
  "sec-ch-ua-platform": "\"Windows\"",
  "user-agent": "Mozilla/5.0 (Windows NT 10.0; Win64; x64) AppleWebKit/537.36 (KHTML, like Gecko) Chrome/144.0.0.0 Safari/537.36",
  "accept": "application/json, text/plain, */*",
  "sec-ch-ua": "\"Not(A:Brand\";v=\"8\", \"Chromium\";v=\"144\", \"Google Chrome\";v=\"144\"",
  "content-type": "application/json",
  "sec-ch-ua-mobile": "?0",
  "origin": "http://localhost:5173",
  "sec-fetch-site": "same-site",
  "sec-fetch-mode": "cors",
  "sec-fetch-dest": "empty",
  "referer": "http://localhost:5173/",
  "accept-encoding": "gzip, deflate, br, zstd",
  "accept-language": "en-US,en;q=0.9",
  "cookie": "connect.sid=s%3AsUsJXpyoM_h41oiujl15iQT6WKJ5CW4J.Mw4nLV8DWNIcSNEut5wuNfGgLbamvRY37q%2FUioWP06o"
}
Body: {"email":"Prajwal Hage","password":"prajwal"}

[2026-01-31T07:31:04.621Z] Server started/restarted
[2026-01-31T07:31:38.850Z] [2026-01-31T07:31:38.844Z] POST /signup
Headers: {
  "host": "localhost:8080",
  "connection": "keep-alive",
  "content-length": "84",
  "sec-ch-ua-platform": "\"Windows\"",
  "authorization": "Bearer eyJhbGciOiJSUzI1NiIsImtpZCI6ImY3NThlNTYzYzBiNjRhNzVmN2UzZGFlNDk0ZDM5NTk1YzE0MGVmOTMiLCJ0eXAiOiJKV1QifQ.eyJpc3MiOiJodHRwczovL3NlY3VyZXRva2VuLmdvb2dsZS5jb20vd2FuZGVybHVzdC1mYzllZCIsImF1ZCI6IndhbmRlcmx1c3QtZmM5ZWQiLCJhdXRoX3RpbWUiOjE3Njk4NDQ2OTcsInVzZXJfaWQiOiJtTk82b3FRSFZ2UEEzd2VVUmpDeWRMV1hHNHkyIiwic3ViIjoibU5PNm9xUUhWdlBBM3dlVVJqQ3lkTFdYRzR5MiIsImlhdCI6MTc2OTg0NDY5NywiZXhwIjoxNzY5ODQ4Mjk3LCJlbWFpbCI6ImpheUBnbWFpbC5jb20iLCJlbWFpbF92ZXJpZmllZCI6ZmFsc2UsImZpcmViYXNlIjp7ImlkZW50aXRpZXMiOnsiZW1haWwiOlsiamF5QGdtYWlsLmNvbSJdfSwic2lnbl9pbl9wcm92aWRlciI6InBhc3N3b3JkIn19.zkl7ynn-iWNuwNFoTHqGAVozhsBOHzbHHsAEiISaimwjsPqafmkTTBdc0Sen77tycDzyQWabE1TrwTy90AN95utiJ0yMTtZt23HJG4q3o9EanaEBmXbWhWRfiqnnnyfBxiR3oFkaq5xLHyPTNdRjEkSNpkry0hXzVNrMZbyV9org4IF_nBQy8Dj7k-v-EiAgoKEmS10mguLKSS9wP4g8JEVfgluzNONHclfCA9AoQEGjppxglshBXzNOMdwIou46K41x3G3iKv2zAXtH0wwxxGxa89oE-dKPQT1lWsUB2BTT6wlBWfdQCiZnY4QWD6nGNSq_rBgergqvQ_QVe_rNVw",
  "user-agent": "Mozilla/5.0 (Windows NT 10.0; Win64; x64) AppleWebKit/537.36 (KHTML, like Gecko) Chrome/144.0.0.0 Safari/537.36",
  "accept": "application/json, text/plain, */*",
  "sec-ch-ua": "\"Not(A:Brand\";v=\"8\", \"Chromium\";v=\"144\", \"Google Chrome\";v=\"144\"",
  "content-type": "application/json",
  "sec-ch-ua-mobile": "?0",
  "origin": "http://localhost:5173",
  "sec-fetch-site": "same-site",
  "sec-fetch-mode": "cors",
  "sec-fetch-dest": "empty",
  "referer": "http://localhost:5173/",
  "accept-encoding": "gzip, deflate, br, zstd",
  "accept-language": "en-US,en;q=0.9",
  "cookie": "connect.sid=s%3AcxuwXRaIwg8Up1AmQ7PUdGnlGZRxmEIj.tjNyoiJgZO7u0jkJp42%2BeIqwSJa8bNld0%2F5OLQZRPqc"
}
Body: {"username":"Jay","email":"Jay@gmail.com","password":"jay0309","phone":"9130193126"}

[2026-01-31T07:31:59.487Z] [2026-01-31T07:31:59.484Z] POST /login
Headers: {
  "host": "localhost:8080",
  "connection": "keep-alive",
  "content-length": "36",
  "sec-ch-ua-platform": "\"Windows\"",
  "user-agent": "Mozilla/5.0 (Windows NT 10.0; Win64; x64) AppleWebKit/537.36 (KHTML, like Gecko) Chrome/144.0.0.0 Safari/537.36",
  "accept": "application/json, text/plain, */*",
  "sec-ch-ua": "\"Not(A:Brand\";v=\"8\", \"Chromium\";v=\"144\", \"Google Chrome\";v=\"144\"",
  "content-type": "application/json",
  "sec-ch-ua-mobile": "?0",
  "origin": "http://localhost:5173",
  "sec-fetch-site": "same-site",
  "sec-fetch-mode": "cors",
  "sec-fetch-dest": "empty",
  "referer": "http://localhost:5173/",
  "accept-encoding": "gzip, deflate, br, zstd",
  "accept-language": "en-US,en;q=0.9",
  "cookie": "connect.sid=s%3AcxuwXRaIwg8Up1AmQ7PUdGnlGZRxmEIj.tjNyoiJgZO7u0jkJp42%2BeIqwSJa8bNld0%2F5OLQZRPqc"
}
Body: {"email":"Jay","password":"jay0309"}

[2026-01-31T07:32:45.301Z] [2026-01-31T07:32:45.288Z] POST /signup
Headers: {
  "host": "localhost:8080",
  "connection": "keep-alive",
  "content-length": "86",
  "sec-ch-ua-platform": "\"Windows\"",
  "authorization": "Bearer eyJhbGciOiJSUzI1NiIsImtpZCI6ImY3NThlNTYzYzBiNjRhNzVmN2UzZGFlNDk0ZDM5NTk1YzE0MGVmOTMiLCJ0eXAiOiJKV1QifQ.eyJpc3MiOiJodHRwczovL3NlY3VyZXRva2VuLmdvb2dsZS5jb20vd2FuZGVybHVzdC1mYzllZCIsImF1ZCI6IndhbmRlcmx1c3QtZmM5ZWQiLCJhdXRoX3RpbWUiOjE3Njk4NDQ3NjQsInVzZXJfaWQiOiJleEw1TFB3WDhUT0ZFc3QxUmZCM1pnMVNWR2MyIiwic3ViIjoiZXhMNUxQd1g4VE9GRXN0MVJmQjNaZzFTVkdjMiIsImlhdCI6MTc2OTg0NDc2NCwiZXhwIjoxNzY5ODQ4MzY0LCJlbWFpbCI6ImpheTAzQGdtYWlsLmNvbSIsImVtYWlsX3ZlcmlmaWVkIjpmYWxzZSwiZmlyZWJhc2UiOnsiaWRlbnRpdGllcyI6eyJlbWFpbCI6WyJqYXkwM0BnbWFpbC5jb20iXX0sInNpZ25faW5fcHJvdmlkZXIiOiJwYXNzd29yZCJ9fQ.kDjlzFQxC4UHx7DKuxXDfugTWIUurr-TQhcnYsUQt2LlHmc9zu8J0w7XdIbInag_DjPr29uErpaIWzdhrCWjBIPhaS08wtOlOssZ61TpOoLIomSmZzmtMtbdLjnSoGp7IEZjY2jMMVh2lzKw5llQwbLQElZRTcAage8-eiHeuK3XontNObHLboBLrENkZRAoQ4WueofEESAmhdvJjMayBa_6skRa3ZRFlsv8dMAfjrPrdMmfHN2EgFgZGzZ0_bKvmhhekbQhTBb4U6LjlStINYhGJIK9T_usUlUyae_ggKupm7s1N45I5KqiB1EMww0t6VFLhLp6M7v2wL_D9S9r1Q",
  "user-agent": "Mozilla/5.0 (Windows NT 10.0; Win64; x64) AppleWebKit/537.36 (KHTML, like Gecko) Chrome/144.0.0.0 Safari/537.36",
  "accept": "application/json, text/plain, */*",
  "sec-ch-ua": "\"Not(A:Brand\";v=\"8\", \"Chromium\";v=\"144\", \"Google Chrome\";v=\"144\"",
  "content-type": "application/json",
  "sec-ch-ua-mobile": "?0",
  "origin": "http://localhost:5173",
  "sec-fetch-site": "same-site",
  "sec-fetch-mode": "cors",
  "sec-fetch-dest": "empty",
  "referer": "http://localhost:5173/",
  "accept-encoding": "gzip, deflate, br, zstd",
  "accept-language": "en-US,en;q=0.9",
  "cookie": "connect.sid=s%3AcxuwXRaIwg8Up1AmQ7PUdGnlGZRxmEIj.tjNyoiJgZO7u0jkJp42%2BeIqwSJa8bNld0%2F5OLQZRPqc"
}
Body: {"username":"Jay","email":"jay03@gmail.com","password":"jay0309","phone":"9130193126"}

[2026-01-31T07:40:45.179Z] [2026-01-31T07:40:45.173Z] POST /signup
Headers: {
  "host": "localhost:8080",
  "connection": "keep-alive",
  "content-length": "1013",
  "sec-ch-ua-platform": "\"Windows\"",
  "authorization": "Bearer eyJhbGciOiJSUzI1NiIsImtpZCI6ImY3NThlNTYzYzBiNjRhNzVmN2UzZGFlNDk0ZDM5NTk1YzE0MGVmOTMiLCJ0eXAiOiJKV1QifQ.eyJpc3MiOiJodHRwczovL3NlY3VyZXRva2VuLmdvb2dsZS5jb20vd2FuZGVybHVzdC1mYzllZCIsImF1ZCI6IndhbmRlcmx1c3QtZmM5ZWQiLCJhdXRoX3RpbWUiOjE3Njk4NDUyNDMsInVzZXJfaWQiOiJleEw1TFB3WDhUT0ZFc3QxUmZCM1pnMVNWR2MyIiwic3ViIjoiZXhMNUxQd1g4VE9GRXN0MVJmQjNaZzFTVkdjMiIsImlhdCI6MTc2OTg0NTI0MywiZXhwIjoxNzY5ODQ4ODQzLCJlbWFpbCI6ImpheTAzQGdtYWlsLmNvbSIsImVtYWlsX3ZlcmlmaWVkIjpmYWxzZSwiZmlyZWJhc2UiOnsiaWRlbnRpdGllcyI6eyJlbWFpbCI6WyJqYXkwM0BnbWFpbC5jb20iXX0sInNpZ25faW5fcHJvdmlkZXIiOiJwYXNzd29yZCJ9fQ.Mlea9SjQWHaEs9VD4dQcvy8syHNXlqvG6647mPZrUqTmAOFRu56Vlc1wVmHQACOJRiWT1WM9PGhyqIcc52G5IiZ3Vt5S-lEDKr3JY57-ah0Fm72l5sW7Eeg3SIO1PqGqW664ypDNi3lLsxYoB6gWZ8eNqK6Ysa5p4EzHezYw8P7swnFy8pFgM7K_Lq58zoYEgbHKO-oKk66RyRQjwf4u-8GpgqkqAL3huSIptOBMan0Vywjtrrr5yRDAQ9X86qhIAzqiCpBQl3pwI9rEgUKlF-MDpWJrpDn_O9UrBWRw0ahiHG6_i388urd6-z-dKrY2Py69s1LhpcZO_C3vMLQxdg",
  "user-agent": "Mozilla/5.0 (Windows NT 10.0; Win64; x64) AppleWebKit/537.36 (KHTML, like Gecko) Chrome/144.0.0.0 Safari/537.36",
  "accept": "application/json, text/plain, */*",
  "sec-ch-ua": "\"Not(A:Brand\";v=\"8\", \"Chromium\";v=\"144\", \"Google Chrome\";v=\"144\"",
  "content-type": "application/json",
  "sec-ch-ua-mobile": "?0",
  "origin": "http://localhost:5173",
  "sec-fetch-site": "same-site",
  "sec-fetch-mode": "cors",
  "sec-fetch-dest": "empty",
  "referer": "http://localhost:5173/",
  "accept-encoding": "gzip, deflate, br, zstd",
  "accept-language": "en-US,en;q=0.9",
  "cookie": "connect.sid=s%3AcxuwXRaIwg8Up1AmQ7PUdGnlGZRxmEIj.tjNyoiJgZO7u0jkJp42%2BeIqwSJa8bNld0%2F5OLQZRPqc"
}
Body: {"username":"Jay","email":"jay03@gmail.com","password":"jay0309","phone":"9130193126","token":"eyJhbGciOiJSUzI1NiIsImtpZCI6ImY3NThlNTYzYzBiNjRhNzVmN2UzZGFlNDk0ZDM5NTk1YzE0MGVmOTMiLCJ0eXAiOiJKV1QifQ.eyJpc3MiOiJodHRwczovL3NlY3VyZXRva2VuLmdvb2dsZS5jb20vd2FuZGVybHVzdC1mYzllZCIsImF1ZCI6IndhbmRlcmx1c3QtZmM5ZWQiLCJhdXRoX3RpbWUiOjE3Njk4NDUyNDMsInVzZXJfaWQiOiJleEw1TFB3WDhUT0ZFc3QxUmZCM1pnMVNWR2MyIiwic3ViIjoiZXhMNUxQd1g4VE9GRXN0MVJmQjNaZzFTVkdjMiIsImlhdCI6MTc2OTg0NTI0MywiZXhwIjoxNzY5ODQ4ODQzLCJlbWFpbCI6ImpheTAzQGdtYWlsLmNvbSIsImVtYWlsX3ZlcmlmaWVkIjpmYWxzZSwiZmlyZWJhc2UiOnsiaWRlbnRpdGllcyI6eyJlbWFpbCI6WyJqYXkwM0BnbWFpbC5jb20iXX0sInNpZ25faW5fcHJvdmlkZXIiOiJwYXNzd29yZCJ9fQ.Mlea9SjQWHaEs9VD4dQcvy8syHNXlqvG6647mPZrUqTmAOFRu56Vlc1wVmHQACOJRiWT1WM9PGhyqIcc52G5IiZ3Vt5S-lEDKr3JY57-ah0Fm72l5sW7Eeg3SIO1PqGqW664ypDNi3lLsxYoB6gWZ8eNqK6Ysa5p4EzHezYw8P7swnFy8pFgM7K_Lq58zoYEgbHKO-oKk66RyRQjwf4u-8GpgqkqAL3huSIptOBMan0Vywjtrrr5yRDAQ9X86qhIAzqiCpBQl3pwI9rEgUKlF-MDpWJrpDn_O9UrBWRw0ahiHG6_i388urd6-z-dKrY2Py69s1LhpcZO_C3vMLQxdg"}

[2026-01-31T13:10:35.757Z] Server started/restarted
[2026-01-31T13:11:31.192Z] [2026-01-31T13:11:31.191Z] POST /login
Headers: {
  "host": "localhost:8080",
  "connection": "keep-alive",
  "content-length": "45",
  "sec-ch-ua-platform": "\"Windows\"",
  "user-agent": "Mozilla/5.0 (Windows NT 10.0; Win64; x64) AppleWebKit/537.36 (KHTML, like Gecko) Chrome/144.0.0.0 Safari/537.36",
  "accept": "application/json, text/plain, */*",
  "sec-ch-ua": "\"Not(A:Brand\";v=\"8\", \"Chromium\";v=\"144\", \"Google Chrome\";v=\"144\"",
  "content-type": "application/json",
  "sec-ch-ua-mobile": "?0",
  "origin": "http://localhost:5173",
  "sec-fetch-site": "same-site",
  "sec-fetch-mode": "cors",
  "sec-fetch-dest": "empty",
  "referer": "http://localhost:5173/",
  "accept-encoding": "gzip, deflate, br, zstd",
  "accept-language": "en-US,en;q=0.9",
  "cookie": "connect.sid=s%3AcxuwXRaIwg8Up1AmQ7PUdGnlGZRxmEIj.tjNyoiJgZO7u0jkJp42%2BeIqwSJa8bNld0%2F5OLQZRPqc"
}
Body: {"email":"Prajwal Hage","password":"prajwal"}

[2026-01-31T13:12:34.051Z] [2026-01-31T13:12:34.050Z] POST /signup
Headers: {
  "host": "localhost:8080",
  "connection": "keep-alive",
  "content-length": "1013",
  "sec-ch-ua-platform": "\"Windows\"",
  "authorization": "Bearer eyJhbGciOiJSUzI1NiIsImtpZCI6ImY3NThlNTYzYzBiNjRhNzVmN2UzZGFlNDk0ZDM5NTk1YzE0MGVmOTMiLCJ0eXAiOiJKV1QifQ.eyJpc3MiOiJodHRwczovL3NlY3VyZXRva2VuLmdvb2dsZS5jb20vd2FuZGVybHVzdC1mYzllZCIsImF1ZCI6IndhbmRlcmx1c3QtZmM5ZWQiLCJhdXRoX3RpbWUiOjE3Njk4NjUxNTMsInVzZXJfaWQiOiJleEw1TFB3WDhUT0ZFc3QxUmZCM1pnMVNWR2MyIiwic3ViIjoiZXhMNUxQd1g4VE9GRXN0MVJmQjNaZzFTVkdjMiIsImlhdCI6MTc2OTg2NTE1MywiZXhwIjoxNzY5ODY4NzUzLCJlbWFpbCI6ImpheTAzQGdtYWlsLmNvbSIsImVtYWlsX3ZlcmlmaWVkIjpmYWxzZSwiZmlyZWJhc2UiOnsiaWRlbnRpdGllcyI6eyJlbWFpbCI6WyJqYXkwM0BnbWFpbC5jb20iXX0sInNpZ25faW5fcHJvdmlkZXIiOiJwYXNzd29yZCJ9fQ.vh3kQgKRDx6ceHSqBOye8VbfDgG3WxMEdGRCIEQUiWSG9GmOjbYUYEinamX4x3OLBJgxMFPsZlYL9dD-8C6ceCF04bVc_KjbmefujZEKNnt0lHC7n3dNZ4L87AjaEvCVEma5OsbGHRoGwzxbLD_bffUBqsi-6XKG13psYT-56kPGfljwAQX3dmlPJJMJ8Cr4NdKfAqKVe91lO5ytxJGK3c6mkXvZsfrzzjP8zT-7e6az1dL4NF-pBENC7bUVMZ6PIkj3gtSCVUydH5YnJByXUBc-6Upo7wvJVbsjFayKA8fJSYuYHfvoP_PXiuhF0zprw5Jnca8S9O4_L5zx12UIQw",
  "user-agent": "Mozilla/5.0 (Windows NT 10.0; Win64; x64) AppleWebKit/537.36 (KHTML, like Gecko) Chrome/144.0.0.0 Safari/537.36",
  "accept": "application/json, text/plain, */*",
  "sec-ch-ua": "\"Not(A:Brand\";v=\"8\", \"Chromium\";v=\"144\", \"Google Chrome\";v=\"144\"",
  "content-type": "application/json",
  "sec-ch-ua-mobile": "?0",
  "origin": "http://localhost:5173",
  "sec-fetch-site": "same-site",
  "sec-fetch-mode": "cors",
  "sec-fetch-dest": "empty",
  "referer": "http://localhost:5173/",
  "accept-encoding": "gzip, deflate, br, zstd",
  "accept-language": "en-US,en;q=0.9",
  "cookie": "connect.sid=s%3AfakpvYaKjtJPGM9pfv8KaQ3rj47e2zIr.%2FvVlbBqg5rsDLrTcKuNNskDDtnNBPPIxeDu7NwaLDng"
}
Body: {"username":"Jay","email":"jay03@gmail.com","password":"jay0309","phone":"9130193126","token":"eyJhbGciOiJSUzI1NiIsImtpZCI6ImY3NThlNTYzYzBiNjRhNzVmN2UzZGFlNDk0ZDM5NTk1YzE0MGVmOTMiLCJ0eXAiOiJKV1QifQ.eyJpc3MiOiJodHRwczovL3NlY3VyZXRva2VuLmdvb2dsZS5jb20vd2FuZGVybHVzdC1mYzllZCIsImF1ZCI6IndhbmRlcmx1c3QtZmM5ZWQiLCJhdXRoX3RpbWUiOjE3Njk4NjUxNTMsInVzZXJfaWQiOiJleEw1TFB3WDhUT0ZFc3QxUmZCM1pnMVNWR2MyIiwic3ViIjoiZXhMNUxQd1g4VE9GRXN0MVJmQjNaZzFTVkdjMiIsImlhdCI6MTc2OTg2NTE1MywiZXhwIjoxNzY5ODY4NzUzLCJlbWFpbCI6ImpheTAzQGdtYWlsLmNvbSIsImVtYWlsX3ZlcmlmaWVkIjpmYWxzZSwiZmlyZWJhc2UiOnsiaWRlbnRpdGllcyI6eyJlbWFpbCI6WyJqYXkwM0BnbWFpbC5jb20iXX0sInNpZ25faW5fcHJvdmlkZXIiOiJwYXNzd29yZCJ9fQ.vh3kQgKRDx6ceHSqBOye8VbfDgG3WxMEdGRCIEQUiWSG9GmOjbYUYEinamX4x3OLBJgxMFPsZlYL9dD-8C6ceCF04bVc_KjbmefujZEKNnt0lHC7n3dNZ4L87AjaEvCVEma5OsbGHRoGwzxbLD_bffUBqsi-6XKG13psYT-56kPGfljwAQX3dmlPJJMJ8Cr4NdKfAqKVe91lO5ytxJGK3c6mkXvZsfrzzjP8zT-7e6az1dL4NF-pBENC7bUVMZ6PIkj3gtSCVUydH5YnJByXUBc-6Upo7wvJVbsjFayKA8fJSYuYHfvoP_PXiuhF0zprw5Jnca8S9O4_L5zx12UIQw"}

[2026-01-31T13:14:06.672Z] [2026-01-31T13:14:06.671Z] POST /signup
Headers: {
  "host": "localhost:8080",
  "connection": "keep-alive",
  "content-length": "1013",
  "sec-ch-ua-platform": "\"Windows\"",
  "authorization": "Bearer eyJhbGciOiJSUzI1NiIsImtpZCI6ImY3NThlNTYzYzBiNjRhNzVmN2UzZGFlNDk0ZDM5NTk1YzE0MGVmOTMiLCJ0eXAiOiJKV1QifQ.eyJpc3MiOiJodHRwczovL3NlY3VyZXRva2VuLmdvb2dsZS5jb20vd2FuZGVybHVzdC1mYzllZCIsImF1ZCI6IndhbmRlcmx1c3QtZmM5ZWQiLCJhdXRoX3RpbWUiOjE3Njk4NjUyNDYsInVzZXJfaWQiOiJleEw1TFB3WDhUT0ZFc3QxUmZCM1pnMVNWR2MyIiwic3ViIjoiZXhMNUxQd1g4VE9GRXN0MVJmQjNaZzFTVkdjMiIsImlhdCI6MTc2OTg2NTI0NiwiZXhwIjoxNzY5ODY4ODQ2LCJlbWFpbCI6ImpheTAzQGdtYWlsLmNvbSIsImVtYWlsX3ZlcmlmaWVkIjpmYWxzZSwiZmlyZWJhc2UiOnsiaWRlbnRpdGllcyI6eyJlbWFpbCI6WyJqYXkwM0BnbWFpbC5jb20iXX0sInNpZ25faW5fcHJvdmlkZXIiOiJwYXNzd29yZCJ9fQ.P81Q48Rw8fLKHwHE6Iw5Himj3vReigq1Li6SUxJ1if0_zu3NecSFx9KVtPAoWClJ-srA_iLwRiSLLtxv4AQDMSKIKrV3EjXR7wisSWkamUr7gkWM9tLeCifFAbck-E7cQw8GZs9EGbYjuqvlu5b5l5j_11Rf9L83kVT6OH5-J0mCa7E1WJekK6PCH01oU-leVV6DKxU3m1HKsAl0a12qzIgULT-1_UJxhdc1r1uGW0k2JIRAopBZ7ZqBwkc1rMImw-8QiTKip7lnJtHyeBIaLttxzbzPiMQu4GEeaPkraVKz7ezt6fps1lSlup8M07UBpft82ensS-sUU6EKgTV0Kw",
  "user-agent": "Mozilla/5.0 (Windows NT 10.0; Win64; x64) AppleWebKit/537.36 (KHTML, like Gecko) Chrome/144.0.0.0 Safari/537.36",
  "accept": "application/json, text/plain, */*",
  "sec-ch-ua": "\"Not(A:Brand\";v=\"8\", \"Chromium\";v=\"144\", \"Google Chrome\";v=\"144\"",
  "content-type": "application/json",
  "sec-ch-ua-mobile": "?0",
  "origin": "http://localhost:5173",
  "sec-fetch-site": "same-site",
  "sec-fetch-mode": "cors",
  "sec-fetch-dest": "empty",
  "referer": "http://localhost:5173/",
  "accept-encoding": "gzip, deflate, br, zstd",
  "accept-language": "en-US,en;q=0.9",
  "cookie": "connect.sid=s%3AfakpvYaKjtJPGM9pfv8KaQ3rj47e2zIr.%2FvVlbBqg5rsDLrTcKuNNskDDtnNBPPIxeDu7NwaLDng"
}
Body: {"username":"Jay","email":"jay03@gmail.com","password":"jay0309","phone":"9130193126","token":"eyJhbGciOiJSUzI1NiIsImtpZCI6ImY3NThlNTYzYzBiNjRhNzVmN2UzZGFlNDk0ZDM5NTk1YzE0MGVmOTMiLCJ0eXAiOiJKV1QifQ.eyJpc3MiOiJodHRwczovL3NlY3VyZXRva2VuLmdvb2dsZS5jb20vd2FuZGVybHVzdC1mYzllZCIsImF1ZCI6IndhbmRlcmx1c3QtZmM5ZWQiLCJhdXRoX3RpbWUiOjE3Njk4NjUyNDYsInVzZXJfaWQiOiJleEw1TFB3WDhUT0ZFc3QxUmZCM1pnMVNWR2MyIiwic3ViIjoiZXhMNUxQd1g4VE9GRXN0MVJmQjNaZzFTVkdjMiIsImlhdCI6MTc2OTg2NTI0NiwiZXhwIjoxNzY5ODY4ODQ2LCJlbWFpbCI6ImpheTAzQGdtYWlsLmNvbSIsImVtYWlsX3ZlcmlmaWVkIjpmYWxzZSwiZmlyZWJhc2UiOnsiaWRlbnRpdGllcyI6eyJlbWFpbCI6WyJqYXkwM0BnbWFpbC5jb20iXX0sInNpZ25faW5fcHJvdmlkZXIiOiJwYXNzd29yZCJ9fQ.P81Q48Rw8fLKHwHE6Iw5Himj3vReigq1Li6SUxJ1if0_zu3NecSFx9KVtPAoWClJ-srA_iLwRiSLLtxv4AQDMSKIKrV3EjXR7wisSWkamUr7gkWM9tLeCifFAbck-E7cQw8GZs9EGbYjuqvlu5b5l5j_11Rf9L83kVT6OH5-J0mCa7E1WJekK6PCH01oU-leVV6DKxU3m1HKsAl0a12qzIgULT-1_UJxhdc1r1uGW0k2JIRAopBZ7ZqBwkc1rMImw-8QiTKip7lnJtHyeBIaLttxzbzPiMQu4GEeaPkraVKz7ezt6fps1lSlup8M07UBpft82ensS-sUU6EKgTV0Kw"}

[2026-01-31T13:15:45.655Z] [2026-01-31T13:15:45.653Z] POST /signup
Headers: {
  "host": "localhost:8080",
  "connection": "keep-alive",
  "content-length": "1013",
  "sec-ch-ua-platform": "\"Windows\"",
  "authorization": "Bearer eyJhbGciOiJSUzI1NiIsImtpZCI6ImY3NThlNTYzYzBiNjRhNzVmN2UzZGFlNDk0ZDM5NTk1YzE0MGVmOTMiLCJ0eXAiOiJKV1QifQ.eyJpc3MiOiJodHRwczovL3NlY3VyZXRva2VuLmdvb2dsZS5jb20vd2FuZGVybHVzdC1mYzllZCIsImF1ZCI6IndhbmRlcmx1c3QtZmM5ZWQiLCJhdXRoX3RpbWUiOjE3Njk4NjUzNDQsInVzZXJfaWQiOiJleEw1TFB3WDhUT0ZFc3QxUmZCM1pnMVNWR2MyIiwic3ViIjoiZXhMNUxQd1g4VE9GRXN0MVJmQjNaZzFTVkdjMiIsImlhdCI6MTc2OTg2NTM0NCwiZXhwIjoxNzY5ODY4OTQ0LCJlbWFpbCI6ImpheTAzQGdtYWlsLmNvbSIsImVtYWlsX3ZlcmlmaWVkIjpmYWxzZSwiZmlyZWJhc2UiOnsiaWRlbnRpdGllcyI6eyJlbWFpbCI6WyJqYXkwM0BnbWFpbC5jb20iXX0sInNpZ25faW5fcHJvdmlkZXIiOiJwYXNzd29yZCJ9fQ.wQZU1ueBJICIBcloAcqEs4Mqs_PVcrMXGzFbIcvAje0pd6oNYWAkEL90HCmzu4B_iykc3Jg7w4s3At_y9D44-JIcD_zJVymwd6U6Q0O2N4a-cBxrCCyWIO2Y9PtB0s2MU6za1ZtRgjk_w9FNXWO9mBnvsV3llIWnZDOzLZp9vvWX38Bs1_zqdYtt0xni-iWdEjdcDqUCSIyYdNMtlS4cdUv8NRfhVSZKUgFKUVMa44nc9wpU27HeTanAy9k7zqi2ZALeckiwGhMGa1joAGSrTxU3x9IqCpwXDDdmcuN9L04KcGjULOaW8yqdnQjgBwq8b1p5FVyrysl2jhvZ2TNb8Q",
  "user-agent": "Mozilla/5.0 (Windows NT 10.0; Win64; x64) AppleWebKit/537.36 (KHTML, like Gecko) Chrome/144.0.0.0 Safari/537.36",
  "accept": "application/json, text/plain, */*",
  "sec-ch-ua": "\"Not(A:Brand\";v=\"8\", \"Chromium\";v=\"144\", \"Google Chrome\";v=\"144\"",
  "content-type": "application/json",
  "sec-ch-ua-mobile": "?0",
  "origin": "http://localhost:5173",
  "sec-fetch-site": "same-site",
  "sec-fetch-mode": "cors",
  "sec-fetch-dest": "empty",
  "referer": "http://localhost:5173/",
  "accept-encoding": "gzip, deflate, br, zstd",
  "accept-language": "en-US,en;q=0.9",
  "cookie": "connect.sid=s%3AfakpvYaKjtJPGM9pfv8KaQ3rj47e2zIr.%2FvVlbBqg5rsDLrTcKuNNskDDtnNBPPIxeDu7NwaLDng"
}
Body: {"username":"Jay","email":"jay03@gmail.com","password":"jay0309","phone":"9130193126","token":"eyJhbGciOiJSUzI1NiIsImtpZCI6ImY3NThlNTYzYzBiNjRhNzVmN2UzZGFlNDk0ZDM5NTk1YzE0MGVmOTMiLCJ0eXAiOiJKV1QifQ.eyJpc3MiOiJodHRwczovL3NlY3VyZXRva2VuLmdvb2dsZS5jb20vd2FuZGVybHVzdC1mYzllZCIsImF1ZCI6IndhbmRlcmx1c3QtZmM5ZWQiLCJhdXRoX3RpbWUiOjE3Njk4NjUzNDQsInVzZXJfaWQiOiJleEw1TFB3WDhUT0ZFc3QxUmZCM1pnMVNWR2MyIiwic3ViIjoiZXhMNUxQd1g4VE9GRXN0MVJmQjNaZzFTVkdjMiIsImlhdCI6MTc2OTg2NTM0NCwiZXhwIjoxNzY5ODY4OTQ0LCJlbWFpbCI6ImpheTAzQGdtYWlsLmNvbSIsImVtYWlsX3ZlcmlmaWVkIjpmYWxzZSwiZmlyZWJhc2UiOnsiaWRlbnRpdGllcyI6eyJlbWFpbCI6WyJqYXkwM0BnbWFpbC5jb20iXX0sInNpZ25faW5fcHJvdmlkZXIiOiJwYXNzd29yZCJ9fQ.wQZU1ueBJICIBcloAcqEs4Mqs_PVcrMXGzFbIcvAje0pd6oNYWAkEL90HCmzu4B_iykc3Jg7w4s3At_y9D44-JIcD_zJVymwd6U6Q0O2N4a-cBxrCCyWIO2Y9PtB0s2MU6za1ZtRgjk_w9FNXWO9mBnvsV3llIWnZDOzLZp9vvWX38Bs1_zqdYtt0xni-iWdEjdcDqUCSIyYdNMtlS4cdUv8NRfhVSZKUgFKUVMa44nc9wpU27HeTanAy9k7zqi2ZALeckiwGhMGa1joAGSrTxU3x9IqCpwXDDdmcuN9L04KcGjULOaW8yqdnQjgBwq8b1p5FVyrysl2jhvZ2TNb8Q"}

[2026-01-31T13:21:30.764Z] [2026-01-31T13:21:30.764Z] POST /signup
Headers: {
  "host": "localhost:8080",
  "connection": "keep-alive",
  "content-length": "1942",
  "sec-ch-ua-platform": "\"Windows\"",
  "authorization": "Bearer eyJhbGciOiJSUzI1NiIsImtpZCI6ImY3NThlNTYzYzBiNjRhNzVmN2UzZGFlNDk0ZDM5NTk1YzE0MGVmOTMiLCJ0eXAiOiJKV1QifQ.eyJpc3MiOiJodHRwczovL3NlY3VyZXRva2VuLmdvb2dsZS5jb20vd2FuZGVybHVzdC1mYzllZCIsImF1ZCI6IndhbmRlcmx1c3QtZmM5ZWQiLCJhdXRoX3RpbWUiOjE3Njk4NjU2OTAsInVzZXJfaWQiOiJleEw1TFB3WDhUT0ZFc3QxUmZCM1pnMVNWR2MyIiwic3ViIjoiZXhMNUxQd1g4VE9GRXN0MVJmQjNaZzFTVkdjMiIsImlhdCI6MTc2OTg2NTY5MCwiZXhwIjoxNzY5ODY5MjkwLCJlbWFpbCI6ImpheTAzQGdtYWlsLmNvbSIsImVtYWlsX3ZlcmlmaWVkIjpmYWxzZSwiZmlyZWJhc2UiOnsiaWRlbnRpdGllcyI6eyJlbWFpbCI6WyJqYXkwM0BnbWFpbC5jb20iXX0sInNpZ25faW5fcHJvdmlkZXIiOiJwYXNzd29yZCJ9fQ.y9K9lE7MLw8xagEFdoiJC2UGUMqYym_4NiS3ag4x4c6APPAWPJXEa91AFvl7HYBPq_eVQCHMrKscdC5PipauRozaMzbeqm1JiAGWDvY8mz6J1jCBUcsN3l-MScSFaTWC356SYz89jhT_JT3nc5YnD6hhwaK85IOGI7upTy24i4T5m1MibdQn9E8DVGOyC7VhpuxhlE0UopnY9Z6VnlLF4vnHYACmzPcX6fkLIwIbfJlvg5fdiAyeMQMa_45PZNeZAnB8-57Ay--rn53BbBfWWxkJLtDt-IJdYtPaIIraZTEnuIV1yTGB2WEkKJ_3uoIgq4hLYst2Xvde1Koqs5SKeA",
  "user-agent": "Mozilla/5.0 (Windows NT 10.0; Win64; x64) AppleWebKit/537.36 (KHTML, like Gecko) Chrome/144.0.0.0 Safari/537.36",
  "accept": "application/json, text/plain, */*",
  "sec-ch-ua": "\"Not(A:Brand\";v=\"8\", \"Chromium\";v=\"144\", \"Google Chrome\";v=\"144\"",
  "content-type": "application/json",
  "sec-ch-ua-mobile": "?0",
  "origin": "http://localhost:5173",
  "sec-fetch-site": "same-site",
  "sec-fetch-mode": "cors",
  "sec-fetch-dest": "empty",
  "referer": "http://localhost:5173/",
  "accept-encoding": "gzip, deflate, br, zstd",
  "accept-language": "en-US,en;q=0.9",
  "cookie": "connect.sid=s%3AfakpvYaKjtJPGM9pfv8KaQ3rj47e2zIr.%2FvVlbBqg5rsDLrTcKuNNskDDtnNBPPIxeDu7NwaLDng"
}
Body: {"username":"Jay","email":"jay03@gmail.com","password":"jay0309","phone":"9130193126","token":"eyJhbGciOiJSUzI1NiIsImtpZCI6ImY3NThlNTYzYzBiNjRhNzVmN2UzZGFlNDk0ZDM5NTk1YzE0MGVmOTMiLCJ0eXAiOiJKV1QifQ.eyJpc3MiOiJodHRwczovL3NlY3VyZXRva2VuLmdvb2dsZS5jb20vd2FuZGVybHVzdC1mYzllZCIsImF1ZCI6IndhbmRlcmx1c3QtZmM5ZWQiLCJhdXRoX3RpbWUiOjE3Njk4NjU2OTAsInVzZXJfaWQiOiJleEw1TFB3WDhUT0ZFc3QxUmZCM1pnMVNWR2MyIiwic3ViIjoiZXhMNUxQd1g4VE9GRXN0MVJmQjNaZzFTVkdjMiIsImlhdCI6MTc2OTg2NTY5MCwiZXhwIjoxNzY5ODY5MjkwLCJlbWFpbCI6ImpheTAzQGdtYWlsLmNvbSIsImVtYWlsX3ZlcmlmaWVkIjpmYWxzZSwiZmlyZWJhc2UiOnsiaWRlbnRpdGllcyI6eyJlbWFpbCI6WyJqYXkwM0BnbWFpbC5jb20iXX0sInNpZ25faW5fcHJvdmlkZXIiOiJwYXNzd29yZCJ9fQ.y9K9lE7MLw8xagEFdoiJC2UGUMqYym_4NiS3ag4x4c6APPAWPJXEa91AFvl7HYBPq_eVQCHMrKscdC5PipauRozaMzbeqm1JiAGWDvY8mz6J1jCBUcsN3l-MScSFaTWC356SYz89jhT_JT3nc5YnD6hhwaK85IOGI7upTy24i4T5m1MibdQn9E8DVGOyC7VhpuxhlE0UopnY9Z6VnlLF4vnHYACmzPcX6fkLIwIbfJlvg5fdiAyeMQMa_45PZNeZAnB8-57Ay--rn53BbBfWWxkJLtDt-IJdYtPaIIraZTEnuIV1yTGB2WEkKJ_3uoIgq4hLYst2Xvde1Koqs5SKeA","idToken":"eyJhbGciOiJSUzI1NiIsImtpZCI6ImY3NThlNTYzYzBiNjRhNzVmN2UzZGFlNDk0ZDM5NTk1YzE0MGVmOTMiLCJ0eXAiOiJKV1QifQ.eyJpc3MiOiJodHRwczovL3NlY3VyZXRva2VuLmdvb2dsZS5jb20vd2FuZGVybHVzdC1mYzllZCIsImF1ZCI6IndhbmRlcmx1c3QtZmM5ZWQiLCJhdXRoX3RpbWUiOjE3Njk4NjU2OTAsInVzZXJfaWQiOiJleEw1TFB3WDhUT0ZFc3QxUmZCM1pnMVNWR2MyIiwic3ViIjoiZXhMNUxQd1g4VE9GRXN0MVJmQjNaZzFTVkdjMiIsImlhdCI6MTc2OTg2NTY5MCwiZXhwIjoxNzY5ODY5MjkwLCJlbWFpbCI6ImpheTAzQGdtYWlsLmNvbSIsImVtYWlsX3ZlcmlmaWVkIjpmYWxzZSwiZmlyZWJhc2UiOnsiaWRlbnRpdGllcyI6eyJlbWFpbCI6WyJqYXkwM0BnbWFpbC5jb20iXX0sInNpZ25faW5fcHJvdmlkZXIiOiJwYXNzd29yZCJ9fQ.y9K9lE7MLw8xagEFdoiJC2UGUMqYym_4NiS3ag4x4c6APPAWPJXEa91AFvl7HYBPq_eVQCHMrKscdC5PipauRozaMzbeqm1JiAGWDvY8mz6J1jCBUcsN3l-MScSFaTWC356SYz89jhT_JT3nc5YnD6hhwaK85IOGI7upTy24i4T5m1MibdQn9E8DVGOyC7VhpuxhlE0UopnY9Z6VnlLF4vnHYACmzPcX6fkLIwIbfJlvg5fdiAyeMQMa_45PZNeZAnB8-57Ay--rn53BbBfWWxkJLtDt-IJdYtPaIIraZTEnuIV1yTGB2WEkKJ_3uoIgq4hLYst2Xvde1Koqs5SKeA"}

[2026-01-31T13:23:00.021Z] [2026-01-31T13:23:00.020Z] POST /listings/696c82777ed8d77a27a9b097/book
Headers: {
  "host": "localhost:8080",
  "connection": "keep-alive",
  "content-length": "121",
  "sec-ch-ua-platform": "\"Windows\"",
  "user-agent": "Mozilla/5.0 (Windows NT 10.0; Win64; x64) AppleWebKit/537.36 (KHTML, like Gecko) Chrome/144.0.0.0 Safari/537.36",
  "accept": "application/json, text/plain, */*",
  "sec-ch-ua": "\"Not(A:Brand\";v=\"8\", \"Chromium\";v=\"144\", \"Google Chrome\";v=\"144\"",
  "content-type": "application/json",
  "sec-ch-ua-mobile": "?0",
  "origin": "http://localhost:5173",
  "sec-fetch-site": "same-site",
  "sec-fetch-mode": "cors",
  "sec-fetch-dest": "empty",
  "referer": "http://localhost:5173/",
  "accept-encoding": "gzip, deflate, br, zstd",
  "accept-language": "en-US,en;q=0.9",
  "cookie": "connect.sid=s%3ANUlL6cmfOxTFbsoR7WWBnjDXeoe7GqM6.lGa3ehkViXUqA1e4vD5qRuPYLy5HKmMJu23sYrCM5cE"
}
Body: {"startDate":"2026-02-02","endDate":"2026-02-05","adults":2,"children":1,"infants":1,"animals":1,"acceptGuestTerms":true}

[2026-01-31T13:36:39.742Z] Server started/restarted
[2026-01-31T13:36:44.824Z] Server started/restarted
[2026-01-31T13:40:06.876Z] [2026-01-31T13:40:06.875Z] POST /listings/696c82777ed8d77a27a9b097/reviews
Headers: {
  "host": "localhost:8080",
  "connection": "keep-alive",
  "content-length": "177",
  "sec-ch-ua-platform": "\"Windows\"",
  "user-agent": "Mozilla/5.0 (Windows NT 10.0; Win64; x64) AppleWebKit/537.36 (KHTML, like Gecko) Chrome/144.0.0.0 Safari/537.36",
  "accept": "application/json, text/plain, */*",
  "sec-ch-ua": "\"Not(A:Brand\";v=\"8\", \"Chromium\";v=\"144\", \"Google Chrome\";v=\"144\"",
  "content-type": "application/json",
  "sec-ch-ua-mobile": "?0",
  "origin": "http://localhost:5173",
  "sec-fetch-site": "same-site",
  "sec-fetch-mode": "cors",
  "sec-fetch-dest": "empty",
  "referer": "http://localhost:5173/",
  "accept-encoding": "gzip, deflate, br, zstd",
  "accept-language": "en-US,en;q=0.9",
  "cookie": "connect.sid=s%3ANUlL6cmfOxTFbsoR7WWBnjDXeoe7GqM6.lGa3ehkViXUqA1e4vD5qRuPYLy5HKmMJu23sYrCM5cE"
}
Body: {"review":{"rating":5,"comment":"Absolutely stunning property with grand architecture. The rooms are spacious, clean, and very luxurious. Breakfast buffet was exceptional.”"}}

[2026-01-31T13:40:36.153Z] [2026-01-31T13:40:36.151Z] POST /listings/696c82777ed8d77a27a9b097/reviews
Headers: {
  "host": "localhost:8080",
  "connection": "keep-alive",
  "content-length": "169",
  "sec-ch-ua-platform": "\"Windows\"",
  "user-agent": "Mozilla/5.0 (Windows NT 10.0; Win64; x64) AppleWebKit/537.36 (KHTML, like Gecko) Chrome/144.0.0.0 Safari/537.36",
  "accept": "application/json, text/plain, */*",
  "sec-ch-ua": "\"Not(A:Brand\";v=\"8\", \"Chromium\";v=\"144\", \"Google Chrome\";v=\"144\"",
  "content-type": "application/json",
  "sec-ch-ua-mobile": "?0",
  "origin": "http://localhost:5173",
  "sec-fetch-site": "same-site",
  "sec-fetch-mode": "cors",
  "sec-fetch-dest": "empty",
  "referer": "http://localhost:5173/",
  "accept-encoding": "gzip, deflate, br, zstd",
  "accept-language": "en-US,en;q=0.9",
  "cookie": "connect.sid=s%3ANUlL6cmfOxTFbsoR7WWBnjDXeoe7GqM6.lGa3ehkViXUqA1e4vD5qRuPYLy5HKmMJu23sYrCM5cE"
}
Body: {"review":{"rating":3,"comment":"“Great stay for business travel. Service is top-notch and staff is very courteous. Slightly expensive, but worth the experience.”"}}

[2026-01-31T13:43:06.847Z] [2026-01-31T13:43:06.837Z] POST /listings/697d0383dbcfd9f951d279b0/reviews
Headers: {
  "host": "localhost:8080",
  "connection": "keep-alive",
  "content-length": "153",
  "sec-ch-ua-platform": "\"Windows\"",
  "user-agent": "Mozilla/5.0 (Windows NT 10.0; Win64; x64) AppleWebKit/537.36 (KHTML, like Gecko) Chrome/144.0.0.0 Safari/537.36",
  "accept": "application/json, text/plain, */*",
  "sec-ch-ua": "\"Not(A:Brand\";v=\"8\", \"Chromium\";v=\"144\", \"Google Chrome\";v=\"144\"",
  "content-type": "application/json",
  "sec-ch-ua-mobile": "?0",
  "origin": "http://localhost:5173",
  "sec-fetch-site": "same-site",
  "sec-fetch-mode": "cors",
  "sec-fetch-dest": "empty",
  "referer": "http://localhost:5173/",
  "accept-encoding": "gzip, deflate, br, zstd",
  "accept-language": "en-US,en;q=0.9",
  "cookie": "connect.sid=s%3ANUlL6cmfOxTFbsoR7WWBnjDXeoe7GqM6.lGa3ehkViXUqA1e4vD5qRuPYLy5HKmMJu23sYrCM5cE"
}
Body: {"review":{"rating":3,"comment":"“One of the best hotels in Chennai. Loved the ambiance, pool area, and restaurants. Will definitely visit again.”"}}

[2026-01-31T13:43:39.809Z] [2026-01-31T13:43:39.802Z] POST /listings/697da47f1aca92fe515a9d2d/reviews
Headers: {
  "host": "localhost:8080",
  "connection": "keep-alive",
  "content-length": "144",
  "sec-ch-ua-platform": "\"Windows\"",
  "user-agent": "Mozilla/5.0 (Windows NT 10.0; Win64; x64) AppleWebKit/537.36 (KHTML, like Gecko) Chrome/144.0.0.0 Safari/537.36",
  "accept": "application/json, text/plain, */*",
  "sec-ch-ua": "\"Not(A:Brand\";v=\"8\", \"Chromium\";v=\"144\", \"Google Chrome\";v=\"144\"",
  "content-type": "application/json",
  "sec-ch-ua-mobile": "?0",
  "origin": "http://localhost:5173",
  "sec-fetch-site": "same-site",
  "sec-fetch-mode": "cors",
  "sec-fetch-dest": "empty",
  "referer": "http://localhost:5173/",
  "accept-encoding": "gzip, deflate, br, zstd",
  "accept-language": "en-US,en;q=0.9",
  "cookie": "connect.sid=s%3ANUlL6cmfOxTFbsoR7WWBnjDXeoe7GqM6.lGa3ehkViXUqA1e4vD5qRuPYLy5HKmMJu23sYrCM5cE"
}
Body: {"review":{"rating":5,"comment":"“Truly a royal experience! The lake view from the room was breathtaking. Staff treated us like royalty.”"}}

[2026-01-31T13:44:11.474Z] [2026-01-31T13:44:11.472Z] POST /listings/697da47f1aca92fe515a9d2d/reviews
Headers: {
  "host": "localhost:8080",
  "connection": "keep-alive",
  "content-length": "144",
  "sec-ch-ua-platform": "\"Windows\"",
  "user-agent": "Mozilla/5.0 (Windows NT 10.0; Win64; x64) AppleWebKit/537.36 (KHTML, like Gecko) Chrome/144.0.0.0 Safari/537.36",
  "accept": "application/json, text/plain, */*",
  "sec-ch-ua": "\"Not(A:Brand\";v=\"8\", \"Chromium\";v=\"144\", \"Google Chrome\";v=\"144\"",
  "content-type": "application/json",
  "sec-ch-ua-mobile": "?0",
  "origin": "http://localhost:5173",
  "sec-fetch-site": "same-site",
  "sec-fetch-mode": "cors",
  "sec-fetch-dest": "empty",
  "referer": "http://localhost:5173/",
  "accept-encoding": "gzip, deflate, br, zstd",
  "accept-language": "en-US,en;q=0.9",
  "cookie": "connect.sid=s%3ANUlL6cmfOxTFbsoR7WWBnjDXeoe7GqM6.lGa3ehkViXUqA1e4vD5qRuPYLy5HKmMJu23sYrCM5cE"
}
Body: {"review":{"rating":4,"comment":"“Everything was amazing, especially the hospitality. Food options could have been a little more varied.”"}}

[2026-01-31T13:44:41.404Z] [2026-01-31T13:44:41.401Z] POST /listings/697da5921aca92fe515a9d48/reviews
Headers: {
  "host": "localhost:8080",
  "connection": "keep-alive",
  "content-length": "158",
  "sec-ch-ua-platform": "\"Windows\"",
  "user-agent": "Mozilla/5.0 (Windows NT 10.0; Win64; x64) AppleWebKit/537.36 (KHTML, like Gecko) Chrome/144.0.0.0 Safari/537.36",
  "accept": "application/json, text/plain, */*",
  "sec-ch-ua": "\"Not(A:Brand\";v=\"8\", \"Chromium\";v=\"144\", \"Google Chrome\";v=\"144\"",
  "content-type": "application/json",
  "sec-ch-ua-mobile": "?0",
  "origin": "http://localhost:5173",
  "sec-fetch-site": "same-site",
  "sec-fetch-mode": "cors",
  "sec-fetch-dest": "empty",
  "referer": "http://localhost:5173/",
  "accept-encoding": "gzip, deflate, br, zstd",
  "accept-language": "en-US,en;q=0.9",
  "cookie": "connect.sid=s%3ANUlL6cmfOxTFbsoR7WWBnjDXeoe7GqM6.lGa3ehkViXUqA1e4vD5qRuPYLy5HKmMJu23sYrCM5cE"
}
Body: {"review":{"rating":4,"comment":"“Exceptional service and modern luxury. Rooms are elegant and extremely comfortable. One of the best hotels in Delhi.”"}}

[2026-01-31T13:51:28.582Z] Server started/restarted
[2026-01-31T13:53:08.731Z] [2026-01-31T13:53:08.730Z] POST /signup
Headers: {
  "host": "localhost:8080",
  "connection": "keep-alive",
  "content-length": "1956",
  "sec-ch-ua-platform": "\"Windows\"",
  "authorization": "Bearer eyJhbGciOiJSUzI1NiIsImtpZCI6ImY3NThlNTYzYzBiNjRhNzVmN2UzZGFlNDk0ZDM5NTk1YzE0MGVmOTMiLCJ0eXAiOiJKV1QifQ.eyJpc3MiOiJodHRwczovL3NlY3VyZXRva2VuLmdvb2dsZS5jb20vd2FuZGVybHVzdC1mYzllZCIsImF1ZCI6IndhbmRlcmx1c3QtZmM5ZWQiLCJhdXRoX3RpbWUiOjE3Njk4Njc1ODcsInVzZXJfaWQiOiJPdFpCU2ZMenJaaG1EZXc0WEkxdnF2aGtuejEzIiwic3ViIjoiT3RaQlNmTHpyWmhtRGV3NFhJMXZxdmhrbnoxMyIsImlhdCI6MTc2OTg2NzU4NywiZXhwIjoxNzY5ODcxMTg3LCJlbWFpbCI6Im5hbmR1MjBAZ21haWwuY29tIiwiZW1haWxfdmVyaWZpZWQiOmZhbHNlLCJmaXJlYmFzZSI6eyJpZGVudGl0aWVzIjp7ImVtYWlsIjpbIm5hbmR1MjBAZ21haWwuY29tIl19LCJzaWduX2luX3Byb3ZpZGVyIjoicGFzc3dvcmQifX0.Wz0OYOWD_LAmAn7cgLoCpD5zuhOxCS7oEc2Db1SWR0SPqS2Lhp6A8P1FBlmuPAKl_ey_I_lTR9qXdlafEtI3Q8fgYVq3ZJ0mHSH-ET-vNg9g9DC82B3aTNd7h2PFiFzWONCSp3hQG2Q4WJ3NtxJo7j_HilTe1tb3Mh-cVUhhMri0avmK4yydzVailJSt9M2W4ypumr3rhBNfrLtWngamnSL02K00QjJB3iyztSUUA9WWfQBAJc1SM5MEdwf3nOQPvErGKbfxOlsIKLd__5hwEe691dndOb-W1dInEKF3U9Nr_3TsPVLPSifVM1IfnGUeY-fMfrGAXi5w8SqFMNO69g",
  "user-agent": "Mozilla/5.0 (Windows NT 10.0; Win64; x64) AppleWebKit/537.36 (KHTML, like Gecko) Chrome/144.0.0.0 Safari/537.36",
  "accept": "application/json, text/plain, */*",
  "sec-ch-ua": "\"Not(A:Brand\";v=\"8\", \"Chromium\";v=\"144\", \"Google Chrome\";v=\"144\"",
  "content-type": "application/json",
  "sec-ch-ua-mobile": "?0",
  "origin": "http://localhost:5173",
  "sec-fetch-site": "same-site",
  "sec-fetch-mode": "cors",
  "sec-fetch-dest": "empty",
  "referer": "http://localhost:5173/",
  "accept-encoding": "gzip, deflate, br, zstd",
  "accept-language": "en-US,en;q=0.9",
  "cookie": "connect.sid=s%3AlA6JP7E3Mh86rFhAxufEdIRCtK7y_F-g.v7pXJEOKpCiVTuQqLeNRrX6YUt8cYvcyq2HhkJWc0z0"
}
Body: {"username":"Nandu","email":"Nandu20@gmail.com","password":"nandu20","phone":"9130193126","token":"eyJhbGciOiJSUzI1NiIsImtpZCI6ImY3NThlNTYzYzBiNjRhNzVmN2UzZGFlNDk0ZDM5NTk1YzE0MGVmOTMiLCJ0eXAiOiJKV1QifQ.eyJpc3MiOiJodHRwczovL3NlY3VyZXRva2VuLmdvb2dsZS5jb20vd2FuZGVybHVzdC1mYzllZCIsImF1ZCI6IndhbmRlcmx1c3QtZmM5ZWQiLCJhdXRoX3RpbWUiOjE3Njk4Njc1ODcsInVzZXJfaWQiOiJPdFpCU2ZMenJaaG1EZXc0WEkxdnF2aGtuejEzIiwic3ViIjoiT3RaQlNmTHpyWmhtRGV3NFhJMXZxdmhrbnoxMyIsImlhdCI6MTc2OTg2NzU4NywiZXhwIjoxNzY5ODcxMTg3LCJlbWFpbCI6Im5hbmR1MjBAZ21haWwuY29tIiwiZW1haWxfdmVyaWZpZWQiOmZhbHNlLCJmaXJlYmFzZSI6eyJpZGVudGl0aWVzIjp7ImVtYWlsIjpbIm5hbmR1MjBAZ21haWwuY29tIl19LCJzaWduX2luX3Byb3ZpZGVyIjoicGFzc3dvcmQifX0.Wz0OYOWD_LAmAn7cgLoCpD5zuhOxCS7oEc2Db1SWR0SPqS2Lhp6A8P1FBlmuPAKl_ey_I_lTR9qXdlafEtI3Q8fgYVq3ZJ0mHSH-ET-vNg9g9DC82B3aTNd7h2PFiFzWONCSp3hQG2Q4WJ3NtxJo7j_HilTe1tb3Mh-cVUhhMri0avmK4yydzVailJSt9M2W4ypumr3rhBNfrLtWngamnSL02K00QjJB3iyztSUUA9WWfQBAJc1SM5MEdwf3nOQPvErGKbfxOlsIKLd__5hwEe691dndOb-W1dInEKF3U9Nr_3TsPVLPSifVM1IfnGUeY-fMfrGAXi5w8SqFMNO69g","idToken":"eyJhbGciOiJSUzI1NiIsImtpZCI6ImY3NThlNTYzYzBiNjRhNzVmN2UzZGFlNDk0ZDM5NTk1YzE0MGVmOTMiLCJ0eXAiOiJKV1QifQ.eyJpc3MiOiJodHRwczovL3NlY3VyZXRva2VuLmdvb2dsZS5jb20vd2FuZGVybHVzdC1mYzllZCIsImF1ZCI6IndhbmRlcmx1c3QtZmM5ZWQiLCJhdXRoX3RpbWUiOjE3Njk4Njc1ODcsInVzZXJfaWQiOiJPdFpCU2ZMenJaaG1EZXc0WEkxdnF2aGtuejEzIiwic3ViIjoiT3RaQlNmTHpyWmhtRGV3NFhJMXZxdmhrbnoxMyIsImlhdCI6MTc2OTg2NzU4NywiZXhwIjoxNzY5ODcxMTg3LCJlbWFpbCI6Im5hbmR1MjBAZ21haWwuY29tIiwiZW1haWxfdmVyaWZpZWQiOmZhbHNlLCJmaXJlYmFzZSI6eyJpZGVudGl0aWVzIjp7ImVtYWlsIjpbIm5hbmR1MjBAZ21haWwuY29tIl19LCJzaWduX2luX3Byb3ZpZGVyIjoicGFzc3dvcmQifX0.Wz0OYOWD_LAmAn7cgLoCpD5zuhOxCS7oEc2Db1SWR0SPqS2Lhp6A8P1FBlmuPAKl_ey_I_lTR9qXdlafEtI3Q8fgYVq3ZJ0mHSH-ET-vNg9g9DC82B3aTNd7h2PFiFzWONCSp3hQG2Q4WJ3NtxJo7j_HilTe1tb3Mh-cVUhhMri0avmK4yydzVailJSt9M2W4ypumr3rhBNfrLtWngamnSL02K00QjJB3iyztSUUA9WWfQBAJc1SM5MEdwf3nOQPvErGKbfxOlsIKLd__5hwEe691dndOb-W1dInEKF3U9Nr_3TsPVLPSifVM1IfnGUeY-fMfrGAXi5w8SqFMNO69g"}

[2026-01-31T13:54:56.918Z] Server started/restarted
[2026-01-31T13:55:59.543Z] [2026-01-31T13:55:59.528Z] POST /signup
Headers: {
  "host": "localhost:8080",
  "connection": "keep-alive",
  "content-length": "1956",
  "sec-ch-ua-platform": "\"Windows\"",
  "authorization": "Bearer eyJhbGciOiJSUzI1NiIsImtpZCI6ImY3NThlNTYzYzBiNjRhNzVmN2UzZGFlNDk0ZDM5NTk1YzE0MGVmOTMiLCJ0eXAiOiJKV1QifQ.eyJpc3MiOiJodHRwczovL3NlY3VyZXRva2VuLmdvb2dsZS5jb20vd2FuZGVybHVzdC1mYzllZCIsImF1ZCI6IndhbmRlcmx1c3QtZmM5ZWQiLCJhdXRoX3RpbWUiOjE3Njk4Njc3NTgsInVzZXJfaWQiOiJha2JLOGs0YkdyZ1BiU3BDRzNpNjhnd3Z2UnIyIiwic3ViIjoiYWtiSzhrNGJHcmdQYlNwQ0czaTY4Z3d2dlJyMiIsImlhdCI6MTc2OTg2Nzc1OCwiZXhwIjoxNzY5ODcxMzU4LCJlbWFpbCI6Im5hbmR1MjBAZ21haWwuY29tIiwiZW1haWxfdmVyaWZpZWQiOmZhbHNlLCJmaXJlYmFzZSI6eyJpZGVudGl0aWVzIjp7ImVtYWlsIjpbIm5hbmR1MjBAZ21haWwuY29tIl19LCJzaWduX2luX3Byb3ZpZGVyIjoicGFzc3dvcmQifX0.edu8Vr6Hc32qfaVJtFR992itX_0EX2iIZi7cnzPgBZJux6_ErQraDNBbKGeCax2bY237QZfogqXsQmxqhtnaZtAZkG4b7EvNNiXsf6YwERIsGI1AXq0k9-kTHIAJq3VYtQmETbG5nonX0-zHNQatGugL4P18B5HaDbJMx6fLCHM7PxEwdHtvupczml08f8OqUH9fjwmZiYBKLTjKwhO7wswlFmoMlL9e3nQfbYe77Wtm32FY-wx_GVWuhfq49sMZIMAd7YiUa_f8hsCCu4sa7wB8vYNiV-668VN_9EqoK8eIgCfN-PwVqfso8luZsQKnJZWSexixj1D-HOlMUwYPew",
  "user-agent": "Mozilla/5.0 (Windows NT 10.0; Win64; x64) AppleWebKit/537.36 (KHTML, like Gecko) Chrome/144.0.0.0 Safari/537.36",
  "accept": "application/json, text/plain, */*",
  "sec-ch-ua": "\"Not(A:Brand\";v=\"8\", \"Chromium\";v=\"144\", \"Google Chrome\";v=\"144\"",
  "content-type": "application/json",
  "sec-ch-ua-mobile": "?0",
  "origin": "http://localhost:5173",
  "sec-fetch-site": "same-site",
  "sec-fetch-mode": "cors",
  "sec-fetch-dest": "empty",
  "referer": "http://localhost:5173/",
  "accept-encoding": "gzip, deflate, br, zstd",
  "accept-language": "en-US,en;q=0.9",
  "cookie": "connect.sid=s%3AlA6JP7E3Mh86rFhAxufEdIRCtK7y_F-g.v7pXJEOKpCiVTuQqLeNRrX6YUt8cYvcyq2HhkJWc0z0"
}
Body: {"username":"Nandu","email":"Nandu20@gmail.com","password":"nandu20","phone":"9130193126","token":"eyJhbGciOiJSUzI1NiIsImtpZCI6ImY3NThlNTYzYzBiNjRhNzVmN2UzZGFlNDk0ZDM5NTk1YzE0MGVmOTMiLCJ0eXAiOiJKV1QifQ.eyJpc3MiOiJodHRwczovL3NlY3VyZXRva2VuLmdvb2dsZS5jb20vd2FuZGVybHVzdC1mYzllZCIsImF1ZCI6IndhbmRlcmx1c3QtZmM5ZWQiLCJhdXRoX3RpbWUiOjE3Njk4Njc3NTgsInVzZXJfaWQiOiJha2JLOGs0YkdyZ1BiU3BDRzNpNjhnd3Z2UnIyIiwic3ViIjoiYWtiSzhrNGJHcmdQYlNwQ0czaTY4Z3d2dlJyMiIsImlhdCI6MTc2OTg2Nzc1OCwiZXhwIjoxNzY5ODcxMzU4LCJlbWFpbCI6Im5hbmR1MjBAZ21haWwuY29tIiwiZW1haWxfdmVyaWZpZWQiOmZhbHNlLCJmaXJlYmFzZSI6eyJpZGVudGl0aWVzIjp7ImVtYWlsIjpbIm5hbmR1MjBAZ21haWwuY29tIl19LCJzaWduX2luX3Byb3ZpZGVyIjoicGFzc3dvcmQifX0.edu8Vr6Hc32qfaVJtFR992itX_0EX2iIZi7cnzPgBZJux6_ErQraDNBbKGeCax2bY237QZfogqXsQmxqhtnaZtAZkG4b7EvNNiXsf6YwERIsGI1AXq0k9-kTHIAJq3VYtQmETbG5nonX0-zHNQatGugL4P18B5HaDbJMx6fLCHM7PxEwdHtvupczml08f8OqUH9fjwmZiYBKLTjKwhO7wswlFmoMlL9e3nQfbYe77Wtm32FY-wx_GVWuhfq49sMZIMAd7YiUa_f8hsCCu4sa7wB8vYNiV-668VN_9EqoK8eIgCfN-PwVqfso8luZsQKnJZWSexixj1D-HOlMUwYPew","idToken":"eyJhbGciOiJSUzI1NiIsImtpZCI6ImY3NThlNTYzYzBiNjRhNzVmN2UzZGFlNDk0ZDM5NTk1YzE0MGVmOTMiLCJ0eXAiOiJKV1QifQ.eyJpc3MiOiJodHRwczovL3NlY3VyZXRva2VuLmdvb2dsZS5jb20vd2FuZGVybHVzdC1mYzllZCIsImF1ZCI6IndhbmRlcmx1c3QtZmM5ZWQiLCJhdXRoX3RpbWUiOjE3Njk4Njc3NTgsInVzZXJfaWQiOiJha2JLOGs0YkdyZ1BiU3BDRzNpNjhnd3Z2UnIyIiwic3ViIjoiYWtiSzhrNGJHcmdQYlNwQ0czaTY4Z3d2dlJyMiIsImlhdCI6MTc2OTg2Nzc1OCwiZXhwIjoxNzY5ODcxMzU4LCJlbWFpbCI6Im5hbmR1MjBAZ21haWwuY29tIiwiZW1haWxfdmVyaWZpZWQiOmZhbHNlLCJmaXJlYmFzZSI6eyJpZGVudGl0aWVzIjp7ImVtYWlsIjpbIm5hbmR1MjBAZ21haWwuY29tIl19LCJzaWduX2luX3Byb3ZpZGVyIjoicGFzc3dvcmQifX0.edu8Vr6Hc32qfaVJtFR992itX_0EX2iIZi7cnzPgBZJux6_ErQraDNBbKGeCax2bY237QZfogqXsQmxqhtnaZtAZkG4b7EvNNiXsf6YwERIsGI1AXq0k9-kTHIAJq3VYtQmETbG5nonX0-zHNQatGugL4P18B5HaDbJMx6fLCHM7PxEwdHtvupczml08f8OqUH9fjwmZiYBKLTjKwhO7wswlFmoMlL9e3nQfbYe77Wtm32FY-wx_GVWuhfq49sMZIMAd7YiUa_f8hsCCu4sa7wB8vYNiV-668VN_9EqoK8eIgCfN-PwVqfso8luZsQKnJZWSexixj1D-HOlMUwYPew"}

[2026-01-31T13:58:53.567Z] Server started/restarted
[2026-01-31T13:58:58.210Z] [2026-01-31T13:58:58.203Z] POST /login
Headers: {
  "host": "localhost:8080",
  "connection": "keep-alive",
  "content-length": "38",
  "sec-ch-ua-platform": "\"Windows\"",
  "user-agent": "Mozilla/5.0 (Windows NT 10.0; Win64; x64) AppleWebKit/537.36 (KHTML, like Gecko) Chrome/144.0.0.0 Safari/537.36",
  "accept": "application/json, text/plain, */*",
  "sec-ch-ua": "\"Not(A:Brand\";v=\"8\", \"Chromium\";v=\"144\", \"Google Chrome\";v=\"144\"",
  "content-type": "application/json",
  "sec-ch-ua-mobile": "?0",
  "origin": "http://localhost:5173",
  "sec-fetch-site": "same-site",
  "sec-fetch-mode": "cors",
  "sec-fetch-dest": "empty",
  "referer": "http://localhost:5173/",
  "accept-encoding": "gzip, deflate, br, zstd",
  "accept-language": "en-US,en;q=0.9",
  "cookie": "connect.sid=s%3ASya-56t6GiUsAQFzZZ5cx1y2Vx1ESnm_.tTCwAtB3fzfKkm2sSI9ctbcPbBgv0V4M3LKzgQZD7Pg"
}
Body: {"email":"Nandu","password":"nandu20"}

[2026-01-31T13:59:34.687Z] [2026-01-31T13:59:34.679Z] POST /listings/697da5921aca92fe515a9d48/reviews
Headers: {
  "host": "localhost:8080",
  "connection": "keep-alive",
  "content-length": "124",
  "sec-ch-ua-platform": "\"Windows\"",
  "user-agent": "Mozilla/5.0 (Windows NT 10.0; Win64; x64) AppleWebKit/537.36 (KHTML, like Gecko) Chrome/144.0.0.0 Safari/537.36",
  "accept": "application/json, text/plain, */*",
  "sec-ch-ua": "\"Not(A:Brand\";v=\"8\", \"Chromium\";v=\"144\", \"Google Chrome\";v=\"144\"",
  "content-type": "application/json",
  "sec-ch-ua-mobile": "?0",
  "origin": "http://localhost:5173",
  "sec-fetch-site": "same-site",
  "sec-fetch-mode": "cors",
  "sec-fetch-dest": "empty",
  "referer": "http://localhost:5173/",
  "accept-encoding": "gzip, deflate, br, zstd",
  "accept-language": "en-US,en;q=0.9",
  "cookie": "connect.sid=s%3AnHeN8qodZotFjwdzQ7Vw9kDF5GRz3g5n.aZO3WrSYu6yKQszhREwvVWzPQdoDd54DKUeeaQH81rs"
}
Body: {"review":{"rating":4,"comment":"“Loved the cleanliness and attention to detail. The breakfast spread was excellent.”"}}

[2026-01-31T14:04:09.333Z] [2026-01-31T14:04:09.333Z] POST /listings
Headers: {
  "host": "localhost:8080",
  "connection": "keep-alive",
  "content-length": "285303",
  "sec-ch-ua-platform": "\"Windows\"",
  "user-agent": "Mozilla/5.0 (Windows NT 10.0; Win64; x64) AppleWebKit/537.36 (KHTML, like Gecko) Chrome/144.0.0.0 Safari/537.36",
  "accept": "application/json, text/plain, */*",
  "sec-ch-ua": "\"Not(A:Brand\";v=\"8\", \"Chromium\";v=\"144\", \"Google Chrome\";v=\"144\"",
  "content-type": "multipart/form-data; boundary=----WebKitFormBoundaryAHKmmZVhnOxnzC0Y",
  "sec-ch-ua-mobile": "?0",
  "origin": "http://localhost:5173",
  "sec-fetch-site": "same-site",
  "sec-fetch-mode": "cors",
  "sec-fetch-dest": "empty",
  "referer": "http://localhost:5173/",
  "accept-encoding": "gzip, deflate, br, zstd",
  "accept-language": "en-US,en;q=0.9",
  "cookie": "connect.sid=s%3AnHeN8qodZotFjwdzQ7Vw9kDF5GRz3g5n.aZO3WrSYu6yKQszhREwvVWzPQdoDd54DKUeeaQH81rs"
}
Body: undefined

[2026-01-31T14:04:13.911Z] --- [validateListing Middleware] ---
[2026-01-31T14:04:13.913Z] --- [validateListing Middleware SUCCESS] ---
[2026-01-31T14:04:13.914Z] --- [createListings Controller START] ---
[2026-01-31T14:04:13.915Z] Controller req.body: {"listing":{"title":"JW Marriott, Goa","description":"A stylish beachfront resort offering ocean views, infinity pools, and vibrant nightlife access—perfect for vacations and couples.","price":"5000","category":"beach","country":"India","location":"Vagator, North Goa","maxGuests":"4","maxAdults":"2","maxChildren":"2","freeGuests":"5","petsAllowed":"false","petChargePerNight":"300","extraGuestChargePerNight":"1000","acceptHostTerms":"true","amenities":["City skyline view","Pool","Kitchen","Wifi","Free parking","TV","Garden view"]}}
[2026-01-31T14:04:13.916Z] Controller req.files fields: listing[image], listing[images]
[2026-01-31T14:04:13.917Z] Main Image found: wanderlust_DEV/ioqbmiac8oiqkl0gqsv4
[2026-01-31T14:04:13.917Z] Gallery Images count: 3
[2026-01-31T14:04:13.924Z] Initialized newListing with body data
[2026-01-31T14:04:13.941Z] Starting geocoding for: Vagator, North Goa
[2026-01-31T14:04:16.884Z] Geocoding success: {"type":"Point","coordinates":[73.74081239104271,15.598573613830963]}
[2026-01-31T14:04:16.909Z] Final Amenities: ["City skyline view","Pool","Kitchen","Wifi","Free parking","TV","Garden view"]
[2026-01-31T14:04:16.911Z] Attempting AI generation...
[2026-01-31T14:04:23.100Z] AI Suggestions: {"places":["Chapora Fort","Vagator Beach","Ozran Beach","Shiva's Face","Chapora Fishing Jetty"],"food":["Goan Fish Curry","Prawn Balchão","Pork Vindaloo","Bebinca"],"plan":["Day 1: Start with sunrise views at Chapora Fort. Head to Vagator Beach for a walk and relax. Have lunch at a beach shack trying Goan Fish Curry. Spend the afternoon at Ozran Beach (Little Vagator) and see Shiva's Face. Enjoy sunset at the beach and dinner.","Day 2: Visit Chapora Fishing Jetty to see local fishing activity. Relax and swim at Vagator Beach. Have lunch trying Pork Vindaloo. Spend the afternoon leisurely at the beach or exploring local shops. Enjoy a final sunset at Vagator Beach and dinner with Bebinca dessert."]}
[2026-01-31T14:04:29.208Z] Attempting to save listing...
[2026-01-31T14:04:29.329Z] SUCCESS: Listing saved with id 697e0bdd6e5d5d5271eb6fd1
[2026-01-31T14:04:29.379Z] User upgraded to host
[2026-01-31T14:05:53.773Z] [2026-01-31T14:05:53.772Z] POST /wishlist/697e0bdd6e5d5d5271eb6fd1
Headers: {
  "host": "localhost:8080",
  "connection": "keep-alive",
  "content-length": "0",
  "sec-ch-ua-platform": "\"Windows\"",
  "user-agent": "Mozilla/5.0 (Windows NT 10.0; Win64; x64) AppleWebKit/537.36 (KHTML, like Gecko) Chrome/144.0.0.0 Safari/537.36",
  "accept": "application/json, text/plain, */*",
  "sec-ch-ua": "\"Not(A:Brand\";v=\"8\", \"Chromium\";v=\"144\", \"Google Chrome\";v=\"144\"",
  "sec-ch-ua-mobile": "?0",
  "origin": "http://localhost:5173",
  "sec-fetch-site": "same-site",
  "sec-fetch-mode": "cors",
  "sec-fetch-dest": "empty",
  "referer": "http://localhost:5173/",
  "accept-encoding": "gzip, deflate, br, zstd",
  "accept-language": "en-US,en;q=0.9",
  "cookie": "connect.sid=s%3AnHeN8qodZotFjwdzQ7Vw9kDF5GRz3g5n.aZO3WrSYu6yKQszhREwvVWzPQdoDd54DKUeeaQH81rs"
}
Body: undefined

[2026-01-31T14:06:52.657Z] [2026-01-31T14:06:52.655Z] POST /listings/697da5921aca92fe515a9d48/book
Headers: {
  "host": "localhost:8080",
  "connection": "keep-alive",
  "content-length": "121",
  "sec-ch-ua-platform": "\"Windows\"",
  "user-agent": "Mozilla/5.0 (Windows NT 10.0; Win64; x64) AppleWebKit/537.36 (KHTML, like Gecko) Chrome/144.0.0.0 Safari/537.36",
  "accept": "application/json, text/plain, */*",
  "sec-ch-ua": "\"Not(A:Brand\";v=\"8\", \"Chromium\";v=\"144\", \"Google Chrome\";v=\"144\"",
  "content-type": "application/json",
  "sec-ch-ua-mobile": "?0",
  "origin": "http://localhost:5173",
  "sec-fetch-site": "same-site",
  "sec-fetch-mode": "cors",
  "sec-fetch-dest": "empty",
  "referer": "http://localhost:5173/",
  "accept-encoding": "gzip, deflate, br, zstd",
  "accept-language": "en-US,en;q=0.9",
  "cookie": "connect.sid=s%3AnHeN8qodZotFjwdzQ7Vw9kDF5GRz3g5n.aZO3WrSYu6yKQszhREwvVWzPQdoDd54DKUeeaQH81rs"
}
Body: {"startDate":"2026-02-03","endDate":"2026-02-07","adults":2,"children":1,"infants":1,"animals":0,"acceptGuestTerms":true}

[2026-01-31T14:08:09.981Z] [2026-01-31T14:08:09.980Z] POST /login
Headers: {
  "host": "localhost:8080",
  "connection": "keep-alive",
  "content-length": "45",
  "sec-ch-ua-platform": "\"Windows\"",
  "user-agent": "Mozilla/5.0 (Windows NT 10.0; Win64; x64) AppleWebKit/537.36 (KHTML, like Gecko) Chrome/144.0.0.0 Safari/537.36",
  "accept": "application/json, text/plain, */*",
  "sec-ch-ua": "\"Not(A:Brand\";v=\"8\", \"Chromium\";v=\"144\", \"Google Chrome\";v=\"144\"",
  "content-type": "application/json",
  "sec-ch-ua-mobile": "?0",
  "origin": "http://localhost:5173",
  "sec-fetch-site": "same-site",
  "sec-fetch-mode": "cors",
  "sec-fetch-dest": "empty",
  "referer": "http://localhost:5173/",
  "accept-encoding": "gzip, deflate, br, zstd",
  "accept-language": "en-US,en;q=0.9",
  "cookie": "connect.sid=s%3A2qBzV1idzqDG3g_LFgkc8oItlglY8P-E.iFhGBb8B7s9LjVfr27L7Q0fIfMVdhIqVo50vZU1qkns"
}
Body: {"email":"Prajwal Hage","password":"prajwal"}

[2026-01-31T14:08:26.399Z] [2026-01-31T14:08:26.398Z] POST /profile/host/bookings/697e024418bd861cc274b142/status
Headers: {
  "host": "localhost:8080",
  "connection": "keep-alive",
  "content-length": "22",
  "sec-ch-ua-platform": "\"Windows\"",
  "user-agent": "Mozilla/5.0 (Windows NT 10.0; Win64; x64) AppleWebKit/537.36 (KHTML, like Gecko) Chrome/144.0.0.0 Safari/537.36",
  "accept": "application/json, text/plain, */*",
  "sec-ch-ua": "\"Not(A:Brand\";v=\"8\", \"Chromium\";v=\"144\", \"Google Chrome\";v=\"144\"",
  "content-type": "application/json",
  "sec-ch-ua-mobile": "?0",
  "origin": "http://localhost:5173",
  "sec-fetch-site": "same-site",
  "sec-fetch-mode": "cors",
  "sec-fetch-dest": "empty",
  "referer": "http://localhost:5173/",
  "accept-encoding": "gzip, deflate, br, zstd",
  "accept-language": "en-US,en;q=0.9",
  "cookie": "connect.sid=s%3Ap6HgVKEaJ4gCLWPFwqmkh19yM9JAB_iK.5Fm4wVhHTfzIJMDLsKkt8IN1Smwjy4%2Fkh8SJsx97u2c"
}
Body: {"status":"confirmed"}

[2026-01-31T14:08:33.211Z] [2026-01-31T14:08:33.211Z] POST /profile/host/bookings/697e024418bd861cc274b142/status
Headers: {
  "host": "localhost:8080",
  "connection": "keep-alive",
  "content-length": "22",
  "sec-ch-ua-platform": "\"Windows\"",
  "user-agent": "Mozilla/5.0 (Windows NT 10.0; Win64; x64) AppleWebKit/537.36 (KHTML, like Gecko) Chrome/144.0.0.0 Safari/537.36",
  "accept": "application/json, text/plain, */*",
  "sec-ch-ua": "\"Not(A:Brand\";v=\"8\", \"Chromium\";v=\"144\", \"Google Chrome\";v=\"144\"",
  "content-type": "application/json",
  "sec-ch-ua-mobile": "?0",
  "origin": "http://localhost:5173",
  "sec-fetch-site": "same-site",
  "sec-fetch-mode": "cors",
  "sec-fetch-dest": "empty",
  "referer": "http://localhost:5173/",
  "accept-encoding": "gzip, deflate, br, zstd",
  "accept-language": "en-US,en;q=0.9",
  "cookie": "connect.sid=s%3Ap6HgVKEaJ4gCLWPFwqmkh19yM9JAB_iK.5Fm4wVhHTfzIJMDLsKkt8IN1Smwjy4%2Fkh8SJsx97u2c"
}
Body: {"status":"completed"}

[2026-01-31T14:08:45.853Z] [2026-01-31T14:08:45.843Z] POST /profile/host/bookings/697e0c8b6e5d5d5271eb7141/status
Headers: {
  "host": "localhost:8080",
  "connection": "keep-alive",
  "content-length": "22",
  "sec-ch-ua-platform": "\"Windows\"",
  "user-agent": "Mozilla/5.0 (Windows NT 10.0; Win64; x64) AppleWebKit/537.36 (KHTML, like Gecko) Chrome/144.0.0.0 Safari/537.36",
  "accept": "application/json, text/plain, */*",
  "sec-ch-ua": "\"Not(A:Brand\";v=\"8\", \"Chromium\";v=\"144\", \"Google Chrome\";v=\"144\"",
  "content-type": "application/json",
  "sec-ch-ua-mobile": "?0",
  "origin": "http://localhost:5173",
  "sec-fetch-site": "same-site",
  "sec-fetch-mode": "cors",
  "sec-fetch-dest": "empty",
  "referer": "http://localhost:5173/",
  "accept-encoding": "gzip, deflate, br, zstd",
  "accept-language": "en-US,en;q=0.9",
  "cookie": "connect.sid=s%3Ap6HgVKEaJ4gCLWPFwqmkh19yM9JAB_iK.5Fm4wVhHTfzIJMDLsKkt8IN1Smwjy4%2Fkh8SJsx97u2c"
}
Body: {"status":"confirmed"}

[2026-01-31T14:08:46.273Z] [2026-01-31T14:08:46.262Z] POST /profile/host/bookings/697e0c8b6e5d5d5271eb7141/status
Headers: {
  "host": "localhost:8080",
  "connection": "keep-alive",
  "content-length": "22",
  "sec-ch-ua-platform": "\"Windows\"",
  "user-agent": "Mozilla/5.0 (Windows NT 10.0; Win64; x64) AppleWebKit/537.36 (KHTML, like Gecko) Chrome/144.0.0.0 Safari/537.36",
  "accept": "application/json, text/plain, */*",
  "sec-ch-ua": "\"Not(A:Brand\";v=\"8\", \"Chromium\";v=\"144\", \"Google Chrome\";v=\"144\"",
  "content-type": "application/json",
  "sec-ch-ua-mobile": "?0",
  "origin": "http://localhost:5173",
  "sec-fetch-site": "same-site",
  "sec-fetch-mode": "cors",
  "sec-fetch-dest": "empty",
  "referer": "http://localhost:5173/",
  "accept-encoding": "gzip, deflate, br, zstd",
  "accept-language": "en-US,en;q=0.9",
  "cookie": "connect.sid=s%3Ap6HgVKEaJ4gCLWPFwqmkh19yM9JAB_iK.5Fm4wVhHTfzIJMDLsKkt8IN1Smwjy4%2Fkh8SJsx97u2c"
}
Body: {"status":"confirmed"}

[2026-01-31T14:09:25.519Z] [2026-01-31T14:09:25.512Z] POST /login
Headers: {
  "host": "localhost:8080",
  "connection": "keep-alive",
  "content-length": "38",
  "sec-ch-ua-platform": "\"Windows\"",
  "user-agent": "Mozilla/5.0 (Windows NT 10.0; Win64; x64) AppleWebKit/537.36 (KHTML, like Gecko) Chrome/144.0.0.0 Safari/537.36",
  "accept": "application/json, text/plain, */*",
  "sec-ch-ua": "\"Not(A:Brand\";v=\"8\", \"Chromium\";v=\"144\", \"Google Chrome\";v=\"144\"",
  "content-type": "application/json",
  "sec-ch-ua-mobile": "?0",
  "origin": "http://localhost:5173",
  "sec-fetch-site": "same-site",
  "sec-fetch-mode": "cors",
  "sec-fetch-dest": "empty",
  "referer": "http://localhost:5173/",
  "accept-encoding": "gzip, deflate, br, zstd",
  "accept-language": "en-US,en;q=0.9",
  "cookie": "connect.sid=s%3AXQmzkYq2t7nxQb-supcnqObUCT8-9jmh.9zvI7m8F0FtPN8s0Mw5M4EyuYxV%2F1weSq9sr%2BhQ6CdI"
}
Body: {"email":"Nandu","password":"nandu20"}

[2026-01-31T14:10:36.806Z] [2026-01-31T14:10:36.804Z] POST /login
Headers: {
  "host": "localhost:8080",
  "connection": "keep-alive",
  "content-length": "36",
  "sec-ch-ua-platform": "\"Windows\"",
  "user-agent": "Mozilla/5.0 (Windows NT 10.0; Win64; x64) AppleWebKit/537.36 (KHTML, like Gecko) Chrome/144.0.0.0 Safari/537.36",
  "accept": "application/json, text/plain, */*",
  "sec-ch-ua": "\"Not(A:Brand\";v=\"8\", \"Chromium\";v=\"144\", \"Google Chrome\";v=\"144\"",
  "content-type": "application/json",
  "sec-ch-ua-mobile": "?0",
  "origin": "http://localhost:5173",
  "sec-fetch-site": "same-site",
  "sec-fetch-mode": "cors",
  "sec-fetch-dest": "empty",
  "referer": "http://localhost:5173/",
  "accept-encoding": "gzip, deflate, br, zstd",
  "accept-language": "en-US,en;q=0.9",
  "cookie": "connect.sid=s%3AqcB6vUnIKN0MS22biriZ47Wn4vgPaLnX.Ra%2BgqzOD5vUbZTLpAzAasUPG7zxgwTeFzHWqtCH2yF8"
}
Body: {"email":"Jay","password":"jay0309"}

[2026-01-31T14:10:59.655Z] [2026-01-31T14:10:59.649Z] POST /listings/697e0bdd6e5d5d5271eb6fd1/reviews
Headers: {
  "host": "localhost:8080",
  "connection": "keep-alive",
  "content-length": "139",
  "sec-ch-ua-platform": "\"Windows\"",
  "user-agent": "Mozilla/5.0 (Windows NT 10.0; Win64; x64) AppleWebKit/537.36 (KHTML, like Gecko) Chrome/144.0.0.0 Safari/537.36",
  "accept": "application/json, text/plain, */*",
  "sec-ch-ua": "\"Not(A:Brand\";v=\"8\", \"Chromium\";v=\"144\", \"Google Chrome\";v=\"144\"",
  "content-type": "application/json",
  "sec-ch-ua-mobile": "?0",
  "origin": "http://localhost:5173",
  "sec-fetch-site": "same-site",
  "sec-fetch-mode": "cors",
  "sec-fetch-dest": "empty",
  "referer": "http://localhost:5173/",
  "accept-encoding": "gzip, deflate, br, zstd",
  "accept-language": "en-US,en;q=0.9",
  "cookie": "connect.sid=s%3AAlZedz9dRJSvzT9HiYKL5WgF4zIntS0y.e7PiYoEuJxzu1TnoOdGCvtQastRTCPM47RXPSVfACN0"
}
Body: {"review":{"rating":4,"comment":"“Amazing resort with a vibrant vibe. Pool area and sea views are stunning. Perfect for a vacation.”"}}

[2026-01-31T14:11:22.611Z] [2026-01-31T14:11:22.591Z] POST /listings/697e0bdd6e5d5d5271eb6fd1/reviews
Headers: {
  "host": "localhost:8080",
  "connection": "keep-alive",
  "content-length": "128",
  "sec-ch-ua-platform": "\"Windows\"",
  "user-agent": "Mozilla/5.0 (Windows NT 10.0; Win64; x64) AppleWebKit/537.36 (KHTML, like Gecko) Chrome/144.0.0.0 Safari/537.36",
  "accept": "application/json, text/plain, */*",
  "sec-ch-ua": "\"Not(A:Brand\";v=\"8\", \"Chromium\";v=\"144\", \"Google Chrome\";v=\"144\"",
  "content-type": "application/json",
  "sec-ch-ua-mobile": "?0",
  "origin": "http://localhost:5173",
  "sec-fetch-site": "same-site",
  "sec-fetch-mode": "cors",
  "sec-fetch-dest": "empty",
  "referer": "http://localhost:5173/",
  "accept-encoding": "gzip, deflate, br, zstd",
  "accept-language": "en-US,en;q=0.9",
  "cookie": "connect.sid=s%3AAlZedz9dRJSvzT9HiYKL5WgF4zIntS0y.e7PiYoEuJxzu1TnoOdGCvtQastRTCPM47RXPSVfACN0"
}
Body: {"review":{"rating":5,"comment":"“Friendly staff, clean rooms, and excellent food. One of the best resorts in North Goa.”"}}

[2026-01-31T14:15:25.724Z] [2026-01-31T14:15:25.724Z] POST /wishlist/697da47f1aca92fe515a9d2d
Headers: {
  "host": "localhost:8080",
  "connection": "keep-alive",
  "content-length": "0",
  "sec-ch-ua-platform": "\"Windows\"",
  "user-agent": "Mozilla/5.0 (Windows NT 10.0; Win64; x64) AppleWebKit/537.36 (KHTML, like Gecko) Chrome/144.0.0.0 Safari/537.36",
  "accept": "application/json, text/plain, */*",
  "sec-ch-ua": "\"Not(A:Brand\";v=\"8\", \"Chromium\";v=\"144\", \"Google Chrome\";v=\"144\"",
  "sec-ch-ua-mobile": "?0",
  "origin": "http://localhost:5173",
  "sec-fetch-site": "same-site",
  "sec-fetch-mode": "cors",
  "sec-fetch-dest": "empty",
  "referer": "http://localhost:5173/",
  "accept-encoding": "gzip, deflate, br, zstd",
  "accept-language": "en-US,en;q=0.9",
  "cookie": "connect.sid=s%3AAlZedz9dRJSvzT9HiYKL5WgF4zIntS0y.e7PiYoEuJxzu1TnoOdGCvtQastRTCPM47RXPSVfACN0"
}
Body: undefined

[2026-01-31T14:15:27.771Z] [2026-01-31T14:15:27.765Z] POST /wishlist/697d0383dbcfd9f951d279b0
Headers: {
  "host": "localhost:8080",
  "connection": "keep-alive",
  "content-length": "0",
  "sec-ch-ua-platform": "\"Windows\"",
  "user-agent": "Mozilla/5.0 (Windows NT 10.0; Win64; x64) AppleWebKit/537.36 (KHTML, like Gecko) Chrome/144.0.0.0 Safari/537.36",
  "accept": "application/json, text/plain, */*",
  "sec-ch-ua": "\"Not(A:Brand\";v=\"8\", \"Chromium\";v=\"144\", \"Google Chrome\";v=\"144\"",
  "sec-ch-ua-mobile": "?0",
  "origin": "http://localhost:5173",
  "sec-fetch-site": "same-site",
  "sec-fetch-mode": "cors",
  "sec-fetch-dest": "empty",
  "referer": "http://localhost:5173/",
  "accept-encoding": "gzip, deflate, br, zstd",
  "accept-language": "en-US,en;q=0.9",
  "cookie": "connect.sid=s%3AAlZedz9dRJSvzT9HiYKL5WgF4zIntS0y.e7PiYoEuJxzu1TnoOdGCvtQastRTCPM47RXPSVfACN0"
}
Body: undefined

[2026-01-31T14:28:08.176Z] [2026-01-31T14:28:08.093Z] POST /login
Headers: {
  "host": "localhost:8080",
  "connection": "keep-alive",
  "content-length": "45",
  "sec-ch-ua-platform": "\"Windows\"",
  "user-agent": "Mozilla/5.0 (Windows NT 10.0; Win64; x64) AppleWebKit/537.36 (KHTML, like Gecko) Chrome/144.0.0.0 Safari/537.36",
  "accept": "application/json, text/plain, */*",
  "sec-ch-ua": "\"Not(A:Brand\";v=\"8\", \"Chromium\";v=\"144\", \"Google Chrome\";v=\"144\"",
  "content-type": "application/json",
  "sec-ch-ua-mobile": "?0",
  "origin": "http://localhost:5173",
  "sec-fetch-site": "same-site",
  "sec-fetch-mode": "cors",
  "sec-fetch-dest": "empty",
  "referer": "http://localhost:5173/",
  "accept-encoding": "gzip, deflate, br, zstd",
  "accept-language": "en-US,en;q=0.9",
  "cookie": "connect.sid=s%3AFdrJNWuk0sHjlTHknNQuKnrvXHHcII7Z.F7yDH%2BgJ5IzGAZ%2BWEW9Q0wzatAE5NgGxqXmM4R7V5ho"
}
Body: {"email":"Prajwal Hage","password":"prajwal"}

[2026-02-01T06:35:33.123Z] Server started/restarted
[2026-02-01T06:37:25.332Z] Server started/restarted
[2026-02-01T06:38:25.554Z] Server started/restarted
[2026-02-01T06:38:30.368Z] Server started/restarted
